[2026-09-25--05-30-38 INFO actix_server::builder] starting 5 workers
[2026-09-25--05-30-38 INFO actix_server::server] Tokio runtime found; starting in existing Tokio runtime
[2026-09-25--05-30-38 INFO actix_server::server] starting service: "actix-web-service-127.0.0.1:18488", workers: 5, listening on: 127.0.0.1:18488
[2026-09-25--05-30-41 INFO parity_ws] Listening for new connections on 127.0.0.1:8900.
[2026-09-25--05-30-45 INFO surfpool::cli::simnet] Datasource connection successful. Epoch 1042 / Slot index 101178 / Slot 450245178.
[2026-09-25--05-30-45 INFO surfpool::cli::simnet] No keypair found at provided path /Users/mac/.config/solana/id.json; skipping airdrop for that keypair
[2026-09-25--05-30-45 INFO surfpool::cli::simnet] Account 2TL4offmc2uDbuscFYjRZjHbea1ixTHXiAjbT42qbV8j updated.
[2026-09-25--05-30-47 INFO surfpool::cli::simnet] Account bn1hKNURMGQaQoEVxahcEAcqiX3NwRs6hgKKNSLeKxH updated.
[2026-09-25--05-30-47 INFO surfpool::cli::simnet] Account 7VgiehxNxu53KdxgLspGQY8myE6f7UokaWa4jsGcaSz updated.
[2026-09-25--05-30-47 INFO surfpool::cli::simnet] Account zkdoVwnSFnSLtGJG7irJPEYUpmb4i7sGMGcnN6T9rnC updated.
[2026-09-25--05-30-47 INFO surfpool::cli::simnet] Account 76dHtohc2s5dR3ahJyBxs7eJJVipFkaPdih9CLgTTb4B updated.
[2026-09-25--05-30-47 INFO surfpool::cli::simnet] Account 9ypxGLzkMxi89eDerRKXWDXe44UY2z4hBig4mDhNq5Dp updated.
[2026-09-25--05-30-47 INFO surfpool::cli::simnet] Account AnAP9zPV4KL7czAPQbFhpDKV2tx7g4UGNbK9wvXwjaRo updated.
[2026-09-25--05-30-47 INFO surfpool::cli::simnet] Account STk5Xj8hdAx3sTzmtJ3QysKkq6X2A3yj73JtxttiRyk updated.
[2026-09-25--05-30-47 INFO surfpool::cli::simnet] Account 4a6f7o7iTcA8hRDCrPLkSatnt5Ykxiu36wo5p1Tt12wC updated.
[2026-09-25--05-30-47 INFO surfpool::cli::simnet] Account rexav5eNTUSNT1K2N7cfRjnthwhcP5BC25v2tA4rW4h updated.
[2026-09-25--05-30-47 INFO surfpool::cli::simnet] Account 5cC3foj77CWun58pC51ebHFUWavHWKarWyR5UUik7dnC updated.
[2026-09-25--05-30-47 INFO surfpool::cli::simnet] Account 61BtM7BkDEE8Yq5fskEVAQT9mYA8qCejJWoLe5apqg81 updated.
[2026-09-25--05-30-47 INFO surfpool::cli::simnet] Account vcmrw431aNM8ngQ46derkZXipoTGQdbHkEygBDh12dA updated.
[2026-09-25--05-30-47 INFO surfpool::cli::simnet] Account ptokFjwyJtrwCa9Kgo9xoDS59V4QccBGEaRFnRPnSdP updated.
[2026-09-25--05-30-47 INFO surfpool::cli::simnet] Account 2GCrNXbzmt4xrwdcKS2RdsLzsgu4V5zHAemW57pcHT6a updated.
[2026-09-25--05-30-47 INFO surfpool::cli::simnet] Account b1sgUiJ3qu7hYm3tNDyyqZNQd6gLGJmJppnLNa93PCQ updated.
[2026-09-25--05-30-47 INFO surfpool::cli::simnet] Account EDGMC5kxFxGk4ixsNkGt8bW7QL5hDMXnbwaZvYMwNfzF updated.
[2026-09-25--05-30-47 INFO surfpool::cli::simnet] Account Eg7tXEwMZzS98xaZ1YHUbdRHsaYZiCsSaR6sKgxreoaj updated.
[2026-09-25--05-30-47 INFO surfpool::cli::simnet] Account YbbRLkvenrocjGPGyoQE4wjnvYzTgfsk38NFmcYK7a5 updated.
[2026-09-25--05-30-47 INFO surfpool::cli::simnet] Account disCA4efguFL6Wqa4pGdG7jpjC7C5uiKzKnhEBqchBe updated.
[2026-09-25--05-30-47 INFO surfpool::cli::simnet] Account LTDSzjZKFJMKHYpNycG1FrWwGGTaFFwqEFjB5GGLNVD updated.
[2026-09-25--05-30-47 INFO surfpool::cli::simnet] Account 6aHuNsUmwSzCEMjrBzBCYaxHAyAcQBjVES92JigHBDuC updated.
[2026-09-25--05-30-47 INFO surfpool::cli::simnet] Account GDH5TVdbTPUpRnXaRyQqiKUa7uZAbZ28Q2N9bhbKoMLm updated.
[2026-09-25--05-30-47 INFO surfpool::cli::simnet] Account vcmrbYbiMVKaq1snKP6eCacNDcr6qZvpCNUjmk6gxvZ updated.
[2026-09-25--05-30-48 INFO surfpool::cli::simnet] Account 6sPDzwyARRExKH52LECxcGoqziH8G7SZofwuxi8Ja331 updated.
[2026-09-25--05-30-48 INFO surfpool::cli::simnet] Account JE86WkYvTrzW8HgNmrHY7dFYpCmSptUpKupbo2AdQ9cG updated.
[2026-09-25--05-30-48 INFO surfpool::cli::simnet] Account 4WeHX6QoXCCwqbSFgi6dxnB6QsPo6YApaNTH7P4MLQ99 updated.
[2026-09-25--05-30-48 INFO surfpool::cli::simnet] Account 7bTK6Jis8Xpfrs8ZoUfiMDPazTcdPcTWheZFJTA5Z6X4 updated.
[2026-09-25--05-30-48 INFO surfpool::cli::simnet] Account VAT9huvhPjRN9cyrPytq9rwvEJ3J4ADtjdncgZRyANJ updated.
[2026-09-25--05-30-48 INFO surfpool::cli::simnet] Account zkexuyPRdyTVbZqEAREueqL2xvvoBhRgth9xGSc1tMN updated.
[2026-09-25--05-30-48 INFO surfpool::cli::simnet] Account bn2oPgpkzQPT3tohMaAsMVGjhDmmDa4jCaVPqCFmtxM updated.
[2026-09-25--05-30-48 INFO surfpool::cli::simnet] Account DeS7sR48ZcFTUmt5FFEVDr1v1bh73aAbZiZq3SYr8Eh8 updated.
[2026-09-25--05-30-48 INFO parity_ws::io] Accepted a new tcp connection from 127.0.0.1:60640.
[2026-09-25--05-30-48 WARN surfpool::cli::simnet] Websocket method 'slots_updates_subscribe' is uninmplemented
[2026-09-25--05-32-08 INFO surfpool::cli::simnet] Account CRDaGwcVnKdRNRtx6fjHtvrBgKM5U55AhbqBWhtPMDA updated.
[2026-09-25--05-32-09 INFO surfpool::cli::simnet] Account 5VETJ8h3p4JrESYrzhjTDAWPEjDjfcnduqe9CjxgqBNd updated.
[2026-09-25--05-32-10 INFO surfpool::cli::simnet] Account TWtoAxPvaXy46uy3Vr4UwFxmWdgyMjpZAJSFxV4RGbF updated.
[2026-09-25--05-32-11 INFO surfpool::cli::simnet] Account FQB8c4zB8Emrp9W8bmyk6GanCLq4aRytHYPDAnaEpq9z updated.
[2026-09-25--05-32-11 INFO surfpool::cli::simnet] Account 6NJCSCAWy1yB1jEGhPbsMTrT4WH13o8BGD5wgPbBtdY9 updated.
[2026-09-25--05-32-12 INFO surfpool::cli::simnet] Account EKhrgXYwqsjgxF71Gxznui1zdoeqgxJzzPzfefEmm5un updated.
[2026-09-25--05-32-15 INFO surfpool::cli::simnet] Account KDQSrjsiur6YxyuY4veB7Gd13MKhwNoMZTQWvx1c93S updated.
[2026-09-25--05-32-16 INFO surfpool::cli::simnet] Account 7aUtbtC3o3GVwRWvaDp5fxKjBq53QL3UrVmDzDgeNo8M updated.
[2026-09-25--05-32-18 INFO surfpool::cli::simnet] Account D9uk39pqZMcnmtPP9WeC8cREUpKZmyXLga9mSQ79SphW updated.
[2026-09-25--05-32-20 INFO surfpool::cli::simnet] Account 4eT5d4SJ7GjD8HMpMysSNoPV7RBVTBGzoSEkynmPLMPS updated.
[2026-09-25--05-32-27 INFO surfpool::cli::simnet] Account FK3GQy2PjQ18G2yPEV8eTpK8GFPoTFkVYhFcWmDc3rRG updated.
[2026-09-25--05-33-07 INFO surfpool::cli::simnet] Account A57zqQH62p6Ude6kCkL1wEYTo5Ke8LzHEgLygeoNp534 updated.
[2026-09-25--05-33-07 INFO surfpool::cli::simnet] Account 8rMqpPygnMkrCpxKjM5UozDK8HtWz3K2FqmMh9sXUtD7 updated.
[2026-09-25--05-33-07 INFO surfpool::cli::simnet] Account FJ65VSnwanw9F8Ekrgz6mN9GLzGVndEo7tUA55tDVn1p updated.
[2026-09-25--05-33-07 INFO surfpool::cli::simnet] Account 8ToCCnn5GaAFkozc9ALnRnoerSuQAQQDwc7VGV4ahtGw updated.
[2026-09-25--05-33-07 INFO surfpool::cli::simnet] Account BAW8Sjyb8VUxB5E8MT9jaiTBZwMr76ozdV27YXySRqVP updated.
[2026-09-25--05-33-07 INFO surfpool::cli::simnet] Account 4pJit5B4Zni1woe9oQToNdddNwUWZTqAVYpUmdpevVkp updated.
[2026-09-25--05-33-16 INFO surfpool::cli::simnet] Account EPjFWdd5AufqSSqeM2qN1xzybapC8G4wEGGkZwyTDt1v updated.
[2026-09-25--05-33-16 INFO surfpool::cli::simnet] Account EPjFWdd5AufqSSqeM2qN1xzybapC8G4wEGGkZwyTDt1v updated.
[2026-09-25--05-33-16 INFO surfpool::cli::simnet] Account EPjFWdd5AufqSSqeM2qN1xzybapC8G4wEGGkZwyTDt1v updated.
[2026-09-25--05-33-16 INFO surfpool::cli::simnet] Account EPjFWdd5AufqSSqeM2qN1xzybapC8G4wEGGkZwyTDt1v updated.
[2026-09-25--05-33-16 INFO surfpool::cli::simnet] Account EPjFWdd5AufqSSqeM2qN1xzybapC8G4wEGGkZwyTDt1v updated.
[2026-09-25--05-33-16 INFO surfpool::cli::simnet] Account EPjFWdd5AufqSSqeM2qN1xzybapC8G4wEGGkZwyTDt1v updated.
[2026-09-25--05-33-18 INFO surfpool::cli::simnet] Account zWmWHDxQKj9XRGmm3sgTAVoxqzmwauq6HJsYS9MopSz updated.
[2026-09-25--05-33-18 INFO surfpool::cli::simnet] Account EukBsBcHpBo25EqEQLPRP4jaaoyLFh4wzt8Ph9oMhJxA updated.
[2026-09-25--05-33-18 INFO surfpool::cli::simnet] Account DNgZroFSk9kmnd6F89PTFtkqVajijPxYL7i8q2NhZzvN updated.
[2026-09-25--05-33-18 INFO surfpool::cli::simnet] Account HwVFJeMQF5rvw3RxszPszAyXC7EcSuoMLjmmfQz9jjQu updated.
[2026-09-25--05-33-18 INFO surfpool::cli::simnet] Account DUBsSnVMZfc1TwQqfzQ4dHz4eDfUvDW8NZbi5L8vvHUp updated.
[2026-09-25--05-33-19 INFO surfpool::cli::simnet] Account 8GUqwpCc9Zh6MWseuZb9BKKmMJRU9VGEoMjQHu7iGTMt updated.
[2026-09-25--05-33-28 INFO surfpool::cli::simnet] Account Xsc9qvGR1efVDFGLrVsmkzv3qi45LTBjeUKSPmx9qEh updated.
[2026-09-25--05-33-28 INFO surfpool::cli::simnet] Account Xsc9qvGR1efVDFGLrVsmkzv3qi45LTBjeUKSPmx9qEh updated.
[2026-09-25--05-33-28 INFO surfpool::cli::simnet] Account Xsc9qvGR1efVDFGLrVsmkzv3qi45LTBjeUKSPmx9qEh updated.
[2026-09-25--05-33-28 INFO surfpool::cli::simnet] Account Xsc9qvGR1efVDFGLrVsmkzv3qi45LTBjeUKSPmx9qEh updated.
[2026-09-25--05-34-08 INFO surfpool::cli::simnet] Account CRcnUmyT4iqyFNEjYAaqcwCZkZm1p3PwjPFTHom6etLS updated.
[2026-09-25--05-34-18 INFO surfpool::cli::simnet] Account 3jH2DURNQRyEb6KxGWiFUqXWXHbMtEpXHwAehY96VKj9 updated.
[2026-09-25--05-34-27 INFO surfpool::cli::simnet] Account 4ieZrhkkCnEDubc3bdZYkJZBtmec2Wp6GTDqz6XMCqEC updated.
[2026-09-25--05-34-27 INFO surfpool::cli::simnet] Account A24nqbDuArY3ofL8K3zb9ArbkvvretKZDBbzmJYnzJAD updated.
[2026-09-25--05-34-31 INFO surfpool::cli::simnet] Account Eo6qjUPeb82qNmmoc9TZqnSokakvuyGrkm9t4JS4ZQCA updated.
[2026-09-25--05-34-37 INFO surfpool::cli::simnet] Account C7xCPbx2Nn7GgQ2WgteEewirnbX8HR9RUVHPi8nkChVW updated.
[2026-09-25--05-34-37 INFO surfpool::cli::simnet] Account BAAZxEBhXVjA26dbBgVAEr6tMxW4WKEwvxasDPG5i2g updated.
[2026-09-25--05-34-41 INFO surfpool::cli::simnet] Account 6YnNVsqrn4vLWGtC2SFD3KKVZZr37w7moBAMy5nTpaq1 updated.
[2026-09-25--05-34-50 INFO surfpool::cli::simnet] Account XmMJuKUL1Gx6c91G2LfsDpnfyXJfeD7e7bff7rureoT updated.
[2026-09-25--05-34-50 INFO surfpool::cli::simnet] Account 5LwR8JXFpghGELrfRCgZaQiRNxrxfiXZCnrPmsgTsLo3 updated.
[2026-09-25--05-34-55 INFO surfpool::cli::simnet] Account Bod7rM3568xMwHxvhVyE6eAuFJ7jz1kvj5871MfwGXMn updated.
[2026-09-25--05-34-57 INFO surfpool::cli::simnet] Account 3QEBDfwTDvx1VbtY9pt7ynVt34AzA82UwmncoYT6Mdgy updated.
[2026-09-25--05-34-57 INFO surfpool::cli::simnet] Account 6Kpek1v3Y1DtzATbqYPSP5KMGLKwEYqyDeghW7h37sw7 updated.
[2026-09-25--05-34-59 INFO surfpool::cli::simnet] Account EkrBpZwoKP7zUffGYAjAcqsd5TQHsTHRkjz5h91uTXNc updated.
[2026-09-25--05-35-00 INFO surfpool::cli::simnet] Account 9rsLZM76urvTGPViZTzcXWkaMkp8urVcCL7FHZMC2wZS updated.
[2026-09-25--05-35-00 INFO surfpool::cli::simnet] Account GBTbXCKy45Dufw9KTWwPe4k9NjCsTunQq1GhiimPcqZR updated.
[2026-09-25--05-35-01 INFO surfpool::cli::simnet] Account 6hEsycfY7wNpdM3mm1K8KW19kVndbcPfgcYuqBN7vATc updated.
[2026-09-25--05-35-01 INFO surfpool::cli::simnet] Account 8ZWphuuWNC2iCtwij3uFUfLtSQUVS1ffJbUXPNrU2DH2 updated.
[2026-09-25--05-35-02 INFO surfpool::cli::simnet] Account 5VETJ8h3p4JrESYrzhjTDAWPEjDjfcnduqe9CjxgqBNd updated.
[2026-09-25--05-35-03 ERROR surfpool::cli::simnet] Transaction execution failed: Error processing Instruction 1: custom program error: 0x1770
[2026-09-25--05-35-05 INFO surfpool::cli::simnet] Account 5VETJ8h3p4JrESYrzhjTDAWPEjDjfcnduqe9CjxgqBNd updated.
[2026-09-25--05-35-08 ERROR surfpool::cli::simnet] Transaction execution failed: Error processing Instruction 1: custom program error: 0x1785
[2026-09-25--05-35-09 INFO surfpool::cli::simnet] Time travel to 2026-09-25 07:35:09 successful (epoch 1042 / slot 450272845)
[2026-09-25--05-35-10 INFO surfpool::cli::simnet] Account 5VETJ8h3p4JrESYrzhjTDAWPEjDjfcnduqe9CjxgqBNd updated.
[2026-09-25--05-35-10 ERROR surfpool::cli::simnet] Transaction execution failed: Error processing Instruction 1: Program failed to complete
[2026-09-25--05-35-11 INFO surfpool::cli::simnet] Time travel to 2026-09-25 07:41:11 successful (epoch 1042 / slot 450273750)
[2026-09-25--05-35-11 ERROR surfpool::cli::simnet] Transaction execution failed: Error processing Instruction 1: Program failed to complete
[2026-09-25--05-35-12 INFO surfpool::cli::simnet] Account 5VETJ8h3p4JrESYrzhjTDAWPEjDjfcnduqe9CjxgqBNd updated.
[2026-09-25--05-35-13 INFO surfpool::cli::simnet] Account 2Se6p8VJTcsPWZ2RyaSVCkE5L5ocdFqA5Vj2CEGDZ1rW updated.
[2026-09-25--05-35-15 INFO surfpool::cli::simnet] Account 4J9UJDSSn25i84r8TVEgpQtfQSxyQhYnNxwBULhGRBdT updated.
[2026-09-25--05-35-15 INFO surfpool::cli::simnet] Account HKrxHbejNHQc411CurMyR6WnMuxd5j5gsqXCkNxUp4vD updated.
[2026-09-25--05-35-15 INFO surfpool::cli::simnet] Account 2K2XBjThCwiJmEBERtRuUjBqZ5fCJ1byib37kcqb4MMj updated.
[2026-09-25--05-35-15 INFO surfpool::cli::simnet] Account 4Ec7ZxZS6Sbdg5UGSLHbAnM7GQHp2eFd4KYWRexAipQT updated.
[2026-09-25--05-35-15 INFO surfpool::cli::simnet] Account JUP6LkbZbjS1jKKwapdHNy74zcZ3tLUZoi5QNyVTaV4 updated.
[2026-09-25--05-35-15 INFO surfpool::cli::simnet] Account D8cy77BBepLMngZx6ZukaTff5hCt1HrWyKk3Hnd9oitf updated.
[2026-09-25--05-35-15 INFO surfpool::cli::simnet] Account 6R4r93V5fcMzc13CL2enEepDSYcr4Qx3ptZBDwudTXCo updated.
[2026-09-25--05-35-15 INFO surfpool::cli::simnet] Account Xsc9qvGR1efVDFGLrVsmkzv3qi45LTBjeUKSPmx9qEh updated.
[2026-09-25--05-35-15 INFO surfpool::cli::simnet] Account FaHQ9Ny2U2RkcdapsKVr9pvnt4Mg7n92NdKnvyRzuibH updated.
[2026-09-25--05-35-15 INFO surfpool::cli::simnet] Account EPjFWdd5AufqSSqeM2qN1xzybapC8G4wEGGkZwyTDt1v updated.
[2026-09-25--05-35-15 INFO surfpool::cli::simnet] Account 5TSHEwRAgHLTYkchrUNiKUL2RvuZgdh3vExbMptWrHoX updated.
[2026-09-25--05-35-15 INFO surfpool::cli::simnet] Account CbTCXA1r93p8p1v8Uhp6Ufoe15FwsmzimWY8AG3TbyxR updated.
[2026-09-25--05-35-15 INFO surfpool::cli::simnet] Account CtXfPzz36dH5Ws4UYKZvrQ1Xqzn42ecDW6y8NKuiN8nD updated.
[2026-09-25--05-35-15 INFO surfpool::cli::simnet] Account whirLbMiicVdio4qvUfM5KAg6Ct8VwpYzGff3uctyCc updated.
[2026-09-25--05-35-15 ERROR surfpool::cli::simnet] Transaction execution failed: Error processing Instruction 4: custom program error: 0x1770
