[2026-09-25--06-12-04 INFO actix_server::builder] starting 5 workers
[2026-09-25--06-12-04 INFO actix_server::server] Tokio runtime found; starting in existing Tokio runtime
[2026-09-25--06-12-04 INFO actix_server::server] starting service: "actix-web-service-127.0.0.1:18488", workers: 5, listening on: 127.0.0.1:18488
[2026-09-25--06-12-06 INFO parity_ws] Listening for new connections on 127.0.0.1:8900.
[2026-09-25--06-12-08 INFO surfpool::cli::simnet] Datasource connection successful. Epoch 1042 / Slot index 110512 / Slot 450254512.
[2026-09-25--06-12-08 INFO surfpool::cli::simnet] No keypair found at provided path /Users/mac/.config/solana/id.json; skipping airdrop for that keypair
[2026-09-25--06-12-12 INFO surfpool::cli::simnet] Account 2TL4offmc2uDbuscFYjRZjHbea1ixTHXiAjbT42qbV8j updated.
[2026-09-25--06-12-17 INFO surfpool::cli::simnet] Account rexav5eNTUSNT1K2N7cfRjnthwhcP5BC25v2tA4rW4h updated.
[2026-09-25--06-12-17 INFO surfpool::cli::simnet] Account LTDSzjZKFJMKHYpNycG1FrWwGGTaFFwqEFjB5GGLNVD updated.
[2026-09-25--06-12-17 INFO surfpool::cli::simnet] Account 7bTK6Jis8Xpfrs8ZoUfiMDPazTcdPcTWheZFJTA5Z6X4 updated.
[2026-09-25--06-12-17 INFO surfpool::cli::simnet] Account ptokFjwyJtrwCa9Kgo9xoDS59V4QccBGEaRFnRPnSdP updated.
[2026-09-25--06-12-17 INFO surfpool::cli::simnet] Account JE86WkYvTrzW8HgNmrHY7dFYpCmSptUpKupbo2AdQ9cG updated.
[2026-09-25--06-12-17 INFO surfpool::cli::simnet] Account 9ypxGLzkMxi89eDerRKXWDXe44UY2z4hBig4mDhNq5Dp updated.
[2026-09-25--06-12-17 INFO surfpool::cli::simnet] Account 4WeHX6QoXCCwqbSFgi6dxnB6QsPo6YApaNTH7P4MLQ99 updated.
[2026-09-25--06-12-17 INFO surfpool::cli::simnet] Account STk5Xj8hdAx3sTzmtJ3QysKkq6X2A3yj73JtxttiRyk updated.
[2026-09-25--06-12-17 INFO surfpool::cli::simnet] Account 76dHtohc2s5dR3ahJyBxs7eJJVipFkaPdih9CLgTTb4B updated.
[2026-09-25--06-12-17 INFO surfpool::cli::simnet] Account zkdoVwnSFnSLtGJG7irJPEYUpmb4i7sGMGcnN6T9rnC updated.
[2026-09-25--06-12-19 INFO surfpool::cli::simnet] Account 6sPDzwyARRExKH52LECxcGoqziH8G7SZofwuxi8Ja331 updated.
[2026-09-25--06-12-19 INFO surfpool::cli::simnet] Account DeS7sR48ZcFTUmt5FFEVDr1v1bh73aAbZiZq3SYr8Eh8 updated.
[2026-09-25--06-12-19 INFO surfpool::cli::simnet] Account AnAP9zPV4KL7czAPQbFhpDKV2tx7g4UGNbK9wvXwjaRo updated.
[2026-09-25--06-12-19 INFO surfpool::cli::simnet] Account 4a6f7o7iTcA8hRDCrPLkSatnt5Ykxiu36wo5p1Tt12wC updated.
[2026-09-25--06-12-19 INFO surfpool::cli::simnet] Account 61BtM7BkDEE8Yq5fskEVAQT9mYA8qCejJWoLe5apqg81 updated.
[2026-09-25--06-12-19 INFO surfpool::cli::simnet] Account disCA4efguFL6Wqa4pGdG7jpjC7C5uiKzKnhEBqchBe updated.
[2026-09-25--06-12-19 INFO surfpool::cli::simnet] Account 7VgiehxNxu53KdxgLspGQY8myE6f7UokaWa4jsGcaSz updated.
[2026-09-25--06-12-19 INFO surfpool::cli::simnet] Account zkexuyPRdyTVbZqEAREueqL2xvvoBhRgth9xGSc1tMN updated.
[2026-09-25--06-12-19 INFO surfpool::cli::simnet] Account b1sgUiJ3qu7hYm3tNDyyqZNQd6gLGJmJppnLNa93PCQ updated.
[2026-09-25--06-12-19 INFO surfpool::cli::simnet] Account GDH5TVdbTPUpRnXaRyQqiKUa7uZAbZ28Q2N9bhbKoMLm updated.
[2026-09-25--06-12-19 INFO surfpool::cli::simnet] Account vcmrbYbiMVKaq1snKP6eCacNDcr6qZvpCNUjmk6gxvZ updated.
[2026-09-25--06-12-19 INFO surfpool::cli::simnet] Account vcmrw431aNM8ngQ46derkZXipoTGQdbHkEygBDh12dA updated.
[2026-09-25--06-12-21 INFO surfpool::cli::simnet] Account VAT9huvhPjRN9cyrPytq9rwvEJ3J4ADtjdncgZRyANJ updated.
[2026-09-25--06-12-21 INFO surfpool::cli::simnet] Account 2GCrNXbzmt4xrwdcKS2RdsLzsgu4V5zHAemW57pcHT6a updated.
[2026-09-25--06-12-21 INFO surfpool::cli::simnet] Account 6aHuNsUmwSzCEMjrBzBCYaxHAyAcQBjVES92JigHBDuC updated.
[2026-09-25--06-12-21 INFO surfpool::cli::simnet] Account bn1hKNURMGQaQoEVxahcEAcqiX3NwRs6hgKKNSLeKxH updated.
[2026-09-25--06-12-21 INFO surfpool::cli::simnet] Account Eg7tXEwMZzS98xaZ1YHUbdRHsaYZiCsSaR6sKgxreoaj updated.
[2026-09-25--06-12-21 INFO surfpool::cli::simnet] Account EDGMC5kxFxGk4ixsNkGt8bW7QL5hDMXnbwaZvYMwNfzF updated.
[2026-09-25--06-12-21 INFO surfpool::cli::simnet] Account YbbRLkvenrocjGPGyoQE4wjnvYzTgfsk38NFmcYK7a5 updated.
[2026-09-25--06-12-21 INFO surfpool::cli::simnet] Account 5cC3foj77CWun58pC51ebHFUWavHWKarWyR5UUik7dnC updated.
[2026-09-25--06-12-21 INFO surfpool::cli::simnet] Account bn2oPgpkzQPT3tohMaAsMVGjhDmmDa4jCaVPqCFmtxM updated.
[2026-09-25--06-12-22 INFO parity_ws::io] Accepted a new tcp connection from 127.0.0.1:56354.
[2026-09-25--06-12-22 WARN surfpool::cli::simnet] Websocket method 'slots_updates_subscribe' is uninmplemented
[2026-09-25--06-13-23 ERROR surfpool::cli::simnet] Transaction simulation failed: Blockhash not found
[2026-09-25--06-13-24 ERROR surfpool::cli::simnet] Transaction simulation failed: Blockhash not found
[2026-09-25--06-13-25 ERROR surfpool::cli::simnet] Transaction simulation failed: Blockhash not found
[2026-09-25--06-13-27 ERROR surfpool::cli::simnet] Transaction simulation failed: Blockhash not found
[2026-09-25--06-13-28 ERROR surfpool::cli::simnet] Transaction simulation failed: Blockhash not found
[2026-09-25--06-13-29 ERROR surfpool::cli::simnet] Transaction simulation failed: Blockhash not found
[2026-09-25--06-13-31 ERROR surfpool::cli::simnet] Transaction simulation failed: Blockhash not found
[2026-09-25--06-13-32 ERROR surfpool::cli::simnet] Transaction simulation failed: Blockhash not found
[2026-09-25--06-13-33 ERROR surfpool::cli::simnet] Transaction simulation failed: Blockhash not found
[2026-09-25--06-13-33 ERROR surfpool::cli::simnet] Transaction simulation failed: Blockhash not found
[2026-09-25--06-13-35 ERROR surfpool::cli::simnet] Transaction simulation failed: Blockhash not found
[2026-09-25--06-13-35 ERROR surfpool::cli::simnet] Transaction simulation failed: Blockhash not found
[2026-09-25--06-13-36 ERROR surfpool::cli::simnet] Transaction simulation failed: Blockhash not found
[2026-09-25--06-13-36 ERROR surfpool::cli::simnet] Transaction simulation failed: Blockhash not found
[2026-09-25--06-13-37 ERROR surfpool::cli::simnet] Transaction simulation failed: Blockhash not found
[2026-09-25--06-18-18 ERROR surfpool::cli::simnet] Transaction simulation failed: Blockhash not found
[2026-09-25--06-18-18 ERROR surfpool::cli::simnet] Transaction simulation failed: Blockhash not found
[2026-09-25--06-18-19 ERROR surfpool::cli::simnet] Transaction simulation failed: Blockhash not found
[2026-09-25--06-18-19 ERROR surfpool::cli::simnet] Transaction simulation failed: Blockhash not found
[2026-09-25--06-18-19 ERROR surfpool::cli::simnet] Transaction simulation failed: Blockhash not found
[2026-09-25--06-18-19 ERROR surfpool::cli::simnet] Transaction simulation failed: Blockhash not found
[2026-09-25--06-18-29 INFO surfpool::cli::simnet] Account DugA4Mmk6TNsY7oVF857k9HjWVitzQL5rmMxCVPX2XqV updated.
[2026-09-25--06-18-30 INFO surfpool::cli::simnet] Account EPjFWdd5AufqSSqeM2qN1xzybapC8G4wEGGkZwyTDt1v updated.
[2026-09-25--06-18-31 INFO surfpool::cli::simnet] Account CEBhQwQrEaaUeoziQQZ5zJph3ye8HeWEV5VqWpiSrEtc updated.
[2026-09-25--06-18-34 INFO surfpool::cli::simnet] Account D9uk39pqZMcnmtPP9WeC8cREUpKZmyXLga9mSQ79SphW updated.
[2026-09-25--06-18-35 INFO surfpool::cli::simnet] Account CGpU7yBFzm5RHjdf5VELCvRKzYiWdp2cz4URxAdMXSmz updated.
[2026-09-25--06-18-38 INFO surfpool::cli::simnet] Account GMgMeK3eMWEPkxc4mUNVQZfK5667iDtACxb5RCsLDG9k updated.
[2026-09-25--06-18-38 INFO surfpool::cli::simnet] Account 48NjsnwkSDe9KCMbdG5CkSGD71LSQt81mxr3AnPJYTrc updated.
[2026-09-25--06-18-38 INFO surfpool::cli::simnet] Account 4Ec7ZxZS6Sbdg5UGSLHbAnM7GQHp2eFd4KYWRexAipQT updated.
[2026-09-25--06-18-38 INFO surfpool::cli::simnet] Account JUP6LkbZbjS1jKKwapdHNy74zcZ3tLUZoi5QNyVTaV4 updated.
[2026-09-25--06-18-38 INFO surfpool::cli::simnet] Account D8cy77BBepLMngZx6ZukaTff5hCt1HrWyKk3Hnd9oitf updated.
[2026-09-25--06-18-38 INFO surfpool::cli::simnet] Account ApniVWuZbZoruTAJdyJcLBA4AVw4DKGdV5fHxo6qrAZT updated.
[2026-09-25--06-18-38 INFO surfpool::cli::simnet] Account EPjFWdd5AufqSSqeM2qN1xzybapC8G4wEGGkZwyTDt1v updated.
[2026-09-25--06-18-38 INFO surfpool::cli::simnet] Account 3zBLzabogNNQ4s2zcuioXncdbTPED4jPx1x2J3Jn8Ezt updated.
[2026-09-25--06-18-38 INFO surfpool::cli::simnet] Account XsbEhLAtcf6HdfpFZ5xEMdqW8nfAvcsP5bdudRLJzJp updated.
[2026-09-25--06-18-38 INFO surfpool::cli::simnet] Account 69u6oEwRayMozqCWF9Vny6qiYN5f18pZVUtboaDJkXuj updated.
[2026-09-25--06-18-38 INFO surfpool::cli::simnet] Account 2awJDHp8rrwx335V34xQswF1sqZuGbASu1CPt7by66fs updated.
[2026-09-25--06-18-38 INFO surfpool::cli::simnet] Account 8ubgr7huZE1Z7ji2U7JZBrfZuq4wKiM4TRCeXVcWcPFC updated.
[2026-09-25--06-18-38 INFO surfpool::cli::simnet] Account EsY5gY7EqTqsmCdCvRNjSDSdJDopBNzCH1qd84YRuUQ2 updated.
[2026-09-25--06-18-38 INFO surfpool::cli::simnet] Account XsbEhLAtcf6HdfpFZ5xEMdqW8nfAvcsP5bdudRLJzJp updated.
[2026-09-25--06-18-38 INFO surfpool::cli::simnet] Account HzD2cCXXT3UQNjMMY6kDv9w6gZ9qquSdfoGXrLL3LXx updated.
[2026-09-25--06-18-38 INFO surfpool::cli::simnet] Account CAMMCzo5YL8w4VFF8KVHrK22GGUsp5VTaW7grrKgrWqK updated.
[2026-09-25--06-18-38 INFO surfpool::cli::simnet] Account DrdecJVzkaRsf1TQu1g7iFncaokikVTHqpzPjenjRySY updated.
[2026-09-25--06-18-41 ERROR litesvm] Program account TSjcyXhvjYT9wVNcGehoYNCZavry7rmMhkbukhmDxiE is not executable.
[2026-09-25--06-18-42 ERROR litesvm] Program account TSjcyXhvjYT9wVNcGehoYNCZavry7rmMhkbukhmDxiE is not executable.
[2026-09-25--06-18-43 ERROR litesvm] Program account TSjcyXhvjYT9wVNcGehoYNCZavry7rmMhkbukhmDxiE is not executable.
[2026-09-25--06-18-43 ERROR litesvm] Program account TSjcyXhvjYT9wVNcGehoYNCZavry7rmMhkbukhmDxiE is not executable.
[2026-09-25--06-18-43 ERROR surfpool::cli::simnet] Transaction execution failed: This program may not be used for executing instructions
[2026-09-25--06-20-10 INFO surfpool::cli::simnet] Account zB2vDMHatDhYdTPGG5a4h6CZrDR5ravWa1TwqE5eFdJ updated.
[2026-09-25--06-20-18 INFO surfpool::cli::simnet] Account 6Gi6cz3fsvtD4n7v2xNx3dY7JEQhRpjPQJjmQruEc3bP updated.
[2026-09-25--06-20-18 INFO surfpool::cli::simnet] Account PreweJYECqtQwBtpxHL171nL2K6umo692gTm7Q3rpgF updated.
[2026-09-25--06-20-18 INFO surfpool::cli::simnet] Account FuwH9eyEi9RApviaNqUhxZhEY6i455Ca2xQmNkjrfTU updated.
[2026-09-25--06-20-18 INFO surfpool::cli::simnet] Account EPjFWdd5AufqSSqeM2qN1xzybapC8G4wEGGkZwyTDt1v updated.
[2026-09-25--06-20-18 INFO surfpool::cli::simnet] Account 9v1o9K285AD3dctfzFNoa2MAyRj9Q2fcpdSrqCWQjKZb updated.
[2026-09-25--06-20-18 INFO surfpool::cli::simnet] Account 3J6kEW1H2cHRtLR7W6azgkoFCxbS8bkRVSth6Rmy2Cdv updated.
[2026-09-25--06-20-18 INFO surfpool::cli::simnet] Account PreweJYECqtQwBtpxHL171nL2K6umo692gTm7Q3rpgF updated.
[2026-09-25--06-20-18 INFO surfpool::cli::simnet] Account AntpWAd9rqm9MJ974fGDmrfHMywtJ7ajvjjUxi2w9pgy updated.
[2026-09-25--06-20-18 INFO surfpool::cli::simnet] Account PreweJYECqtQwBtpxHL171nL2K6umo692gTm7Q3rpgF updated.
[2026-09-25--06-20-18 INFO surfpool::cli::simnet] Account G92J4ZFggKZ9LbsQ2zBpajRvRto7ed7uRuJJqWsX4BhJ updated.
[2026-09-25--06-20-18 INFO surfpool::cli::simnet] Account MNFSTqtC93rEfYHB6hF82sKdZpUDFWkViLByLd1k1Ms updated.
[2026-09-25--06-20-18 ERROR litesvm] Program account TSjcyXhvjYT9wVNcGehoYNCZavry7rmMhkbukhmDxiE is not executable.
[2026-09-25--06-20-18 ERROR litesvm] Program account TSjcyXhvjYT9wVNcGehoYNCZavry7rmMhkbukhmDxiE is not executable.
[2026-09-25--06-20-18 ERROR litesvm] Program account TSjcyXhvjYT9wVNcGehoYNCZavry7rmMhkbukhmDxiE is not executable.
[2026-09-25--06-20-18 ERROR litesvm] Program account TSjcyXhvjYT9wVNcGehoYNCZavry7rmMhkbukhmDxiE is not executable.
[2026-09-25--06-20-18 ERROR surfpool::cli::simnet] Transaction execution failed: This program may not be used for executing instructions
[2026-09-25--06-22-18 ERROR litesvm] Program account TSjcyXhvjYT9wVNcGehoYNCZavry7rmMhkbukhmDxiE is not executable.
[2026-09-25--06-22-18 ERROR litesvm] Program account TSjcyXhvjYT9wVNcGehoYNCZavry7rmMhkbukhmDxiE is not executable.
[2026-09-25--06-22-18 ERROR litesvm] Program account TSjcyXhvjYT9wVNcGehoYNCZavry7rmMhkbukhmDxiE is not executable.
[2026-09-25--06-22-18 ERROR litesvm] Program account TSjcyXhvjYT9wVNcGehoYNCZavry7rmMhkbukhmDxiE is not executable.
[2026-09-25--06-22-18 ERROR surfpool::cli::simnet] Transaction execution failed: This program may not be used for executing instructions
