[2026-09-25--05-56-01 INFO actix_server::builder] starting 5 workers
[2026-09-25--05-56-01 INFO actix_server::server] Tokio runtime found; starting in existing Tokio runtime
[2026-09-25--05-56-01 INFO actix_server::server] starting service: "actix-web-service-127.0.0.1:18488", workers: 5, listening on: 127.0.0.1:18488
[2026-09-25--05-56-02 INFO parity_ws] Listening for new connections on 127.0.0.1:8900.
[2026-09-25--05-56-03 INFO surfpool::cli::simnet] Datasource connection successful. Epoch 1042 / Slot index 106889 / Slot 450250889.
[2026-09-25--05-56-03 INFO surfpool::cli::simnet] No keypair found at provided path /Users/mac/.config/solana/id.json; skipping airdrop for that keypair
[2026-09-25--05-56-04 INFO surfpool::cli::simnet] Account 2TL4offmc2uDbuscFYjRZjHbea1ixTHXiAjbT42qbV8j updated.
[2026-09-25--05-56-06 INFO surfpool::cli::simnet] Account 4a6f7o7iTcA8hRDCrPLkSatnt5Ykxiu36wo5p1Tt12wC updated.
[2026-09-25--05-56-06 INFO surfpool::cli::simnet] Account DeS7sR48ZcFTUmt5FFEVDr1v1bh73aAbZiZq3SYr8Eh8 updated.
[2026-09-25--05-56-06 INFO surfpool::cli::simnet] Account zkdoVwnSFnSLtGJG7irJPEYUpmb4i7sGMGcnN6T9rnC updated.
[2026-09-25--05-56-06 INFO surfpool::cli::simnet] Account zkexuyPRdyTVbZqEAREueqL2xvvoBhRgth9xGSc1tMN updated.
[2026-09-25--05-56-06 INFO surfpool::cli::simnet] Account 5cC3foj77CWun58pC51ebHFUWavHWKarWyR5UUik7dnC updated.
[2026-09-25--05-56-06 INFO surfpool::cli::simnet] Account bn1hKNURMGQaQoEVxahcEAcqiX3NwRs6hgKKNSLeKxH updated.
[2026-09-25--05-56-06 INFO surfpool::cli::simnet] Account GDH5TVdbTPUpRnXaRyQqiKUa7uZAbZ28Q2N9bhbKoMLm updated.
[2026-09-25--05-56-06 INFO surfpool::cli::simnet] Account 2GCrNXbzmt4xrwdcKS2RdsLzsgu4V5zHAemW57pcHT6a updated.
[2026-09-25--05-56-06 INFO surfpool::cli::simnet] Account rexav5eNTUSNT1K2N7cfRjnthwhcP5BC25v2tA4rW4h updated.
[2026-09-25--05-56-06 INFO surfpool::cli::simnet] Account YbbRLkvenrocjGPGyoQE4wjnvYzTgfsk38NFmcYK7a5 updated.
[2026-09-25--05-56-06 INFO surfpool::cli::simnet] Account LTDSzjZKFJMKHYpNycG1FrWwGGTaFFwqEFjB5GGLNVD updated.
[2026-09-25--05-56-06 INFO surfpool::cli::simnet] Account 9ypxGLzkMxi89eDerRKXWDXe44UY2z4hBig4mDhNq5Dp updated.
[2026-09-25--05-56-06 INFO surfpool::cli::simnet] Account STk5Xj8hdAx3sTzmtJ3QysKkq6X2A3yj73JtxttiRyk updated.
[2026-09-25--05-56-06 INFO surfpool::cli::simnet] Account 61BtM7BkDEE8Yq5fskEVAQT9mYA8qCejJWoLe5apqg81 updated.
[2026-09-25--05-56-07 INFO surfpool::cli::simnet] Account 4WeHX6QoXCCwqbSFgi6dxnB6QsPo6YApaNTH7P4MLQ99 updated.
[2026-09-25--05-56-07 INFO surfpool::cli::simnet] Account EDGMC5kxFxGk4ixsNkGt8bW7QL5hDMXnbwaZvYMwNfzF updated.
[2026-09-25--05-56-07 INFO surfpool::cli::simnet] Account b1sgUiJ3qu7hYm3tNDyyqZNQd6gLGJmJppnLNa93PCQ updated.
[2026-09-25--05-56-07 INFO surfpool::cli::simnet] Account 7bTK6Jis8Xpfrs8ZoUfiMDPazTcdPcTWheZFJTA5Z6X4 updated.
[2026-09-25--05-56-07 INFO surfpool::cli::simnet] Account disCA4efguFL6Wqa4pGdG7jpjC7C5uiKzKnhEBqchBe updated.
[2026-09-25--05-56-07 INFO surfpool::cli::simnet] Account 7VgiehxNxu53KdxgLspGQY8myE6f7UokaWa4jsGcaSz updated.
[2026-09-25--05-56-07 INFO surfpool::cli::simnet] Account 6aHuNsUmwSzCEMjrBzBCYaxHAyAcQBjVES92JigHBDuC updated.
[2026-09-25--05-56-07 INFO surfpool::cli::simnet] Account ptokFjwyJtrwCa9Kgo9xoDS59V4QccBGEaRFnRPnSdP updated.
[2026-09-25--05-56-07 INFO surfpool::cli::simnet] Account JE86WkYvTrzW8HgNmrHY7dFYpCmSptUpKupbo2AdQ9cG updated.
[2026-09-25--05-56-08 INFO surfpool::cli::simnet] Account bn2oPgpkzQPT3tohMaAsMVGjhDmmDa4jCaVPqCFmtxM updated.
[2026-09-25--05-56-08 INFO surfpool::cli::simnet] Account 76dHtohc2s5dR3ahJyBxs7eJJVipFkaPdih9CLgTTb4B updated.
[2026-09-25--05-56-08 INFO surfpool::cli::simnet] Account VAT9huvhPjRN9cyrPytq9rwvEJ3J4ADtjdncgZRyANJ updated.
[2026-09-25--05-56-08 INFO surfpool::cli::simnet] Account Eg7tXEwMZzS98xaZ1YHUbdRHsaYZiCsSaR6sKgxreoaj updated.
[2026-09-25--05-56-08 INFO surfpool::cli::simnet] Account 6sPDzwyARRExKH52LECxcGoqziH8G7SZofwuxi8Ja331 updated.
[2026-09-25--05-56-08 INFO surfpool::cli::simnet] Account AnAP9zPV4KL7czAPQbFhpDKV2tx7g4UGNbK9wvXwjaRo updated.
[2026-09-25--05-56-08 INFO surfpool::cli::simnet] Account vcmrw431aNM8ngQ46derkZXipoTGQdbHkEygBDh12dA updated.
[2026-09-25--05-56-08 INFO surfpool::cli::simnet] Account vcmrbYbiMVKaq1snKP6eCacNDcr6qZvpCNUjmk6gxvZ updated.
[2026-09-25--05-56-08 INFO parity_ws::io] Accepted a new tcp connection from 127.0.0.1:52433.
[2026-09-25--05-56-08 WARN surfpool::cli::simnet] Websocket method 'slots_updates_subscribe' is uninmplemented
[2026-09-25--05-57-52 INFO surfpool::cli::simnet] Account CRDaGwcVnKdRNRtx6fjHtvrBgKM5U55AhbqBWhtPMDA updated.
[2026-09-25--05-57-54 INFO surfpool::cli::simnet] Account 5VETJ8h3p4JrESYrzhjTDAWPEjDjfcnduqe9CjxgqBNd updated.
[2026-09-25--05-57-55 INFO surfpool::cli::simnet] Account TWtoAxPvaXy46uy3Vr4UwFxmWdgyMjpZAJSFxV4RGbF updated.
[2026-09-25--05-57-56 INFO surfpool::cli::simnet] Account FQB8c4zB8Emrp9W8bmyk6GanCLq4aRytHYPDAnaEpq9z updated.
[2026-09-25--05-57-58 INFO surfpool::cli::simnet] Account 6NJCSCAWy1yB1jEGhPbsMTrT4WH13o8BGD5wgPbBtdY9 updated.
[2026-09-25--05-58-00 INFO surfpool::cli::simnet] Account EKhrgXYwqsjgxF71Gxznui1zdoeqgxJzzPzfefEmm5un updated.
[2026-09-25--05-58-00 INFO surfpool::cli::simnet] Account KDQSrjsiur6YxyuY4veB7Gd13MKhwNoMZTQWvx1c93S updated.
[2026-09-25--05-58-01 INFO surfpool::cli::simnet] Account 7aUtbtC3o3GVwRWvaDp5fxKjBq53QL3UrVmDzDgeNo8M updated.
[2026-09-25--05-58-04 INFO surfpool::cli::simnet] Account D9uk39pqZMcnmtPP9WeC8cREUpKZmyXLga9mSQ79SphW updated.
[2026-09-25--05-58-04 INFO surfpool::cli::simnet] Account 4eT5d4SJ7GjD8HMpMysSNoPV7RBVTBGzoSEkynmPLMPS updated.
[2026-09-25--05-58-06 INFO surfpool::cli::simnet] Account FK3GQy2PjQ18G2yPEV8eTpK8GFPoTFkVYhFcWmDc3rRG updated.
[2026-09-25--05-58-07 INFO surfpool::cli::simnet] Account GwQrURowqpWGmqEGmdt1NVZxjuoA5vrqocrVSbUgucfL updated.
[2026-09-25--05-58-08 INFO surfpool::cli::simnet] Account EPjFWdd5AufqSSqeM2qN1xzybapC8G4wEGGkZwyTDt1v updated.
[2026-09-25--05-58-08 INFO surfpool::cli::simnet] Account BR51s99ng8S8fnJEHUJTbWJJ7YLFG6p7u45RTebiuGyx updated.
[2026-09-25--05-58-09 INFO surfpool::cli::simnet] Account 2Se6p8VJTcsPWZ2RyaSVCkE5L5ocdFqA5Vj2CEGDZ1rW updated.
[2026-09-25--05-58-13 INFO surfpool::cli::simnet] Account 4J9UJDSSn25i84r8TVEgpQtfQSxyQhYnNxwBULhGRBdT updated.
[2026-09-25--05-58-13 INFO surfpool::cli::simnet] Account HKrxHbejNHQc411CurMyR6WnMuxd5j5gsqXCkNxUp4vD updated.
[2026-09-25--05-58-13 INFO surfpool::cli::simnet] Account 2K2XBjThCwiJmEBERtRuUjBqZ5fCJ1byib37kcqb4MMj updated.
[2026-09-25--05-58-13 INFO surfpool::cli::simnet] Account 4Ec7ZxZS6Sbdg5UGSLHbAnM7GQHp2eFd4KYWRexAipQT updated.
[2026-09-25--05-58-13 INFO surfpool::cli::simnet] Account JUP6LkbZbjS1jKKwapdHNy74zcZ3tLUZoi5QNyVTaV4 updated.
[2026-09-25--05-58-13 INFO surfpool::cli::simnet] Account D8cy77BBepLMngZx6ZukaTff5hCt1HrWyKk3Hnd9oitf updated.
[2026-09-25--05-58-13 INFO surfpool::cli::simnet] Account 6R4r93V5fcMzc13CL2enEepDSYcr4Qx3ptZBDwudTXCo updated.
[2026-09-25--05-58-13 INFO surfpool::cli::simnet] Account Xsc9qvGR1efVDFGLrVsmkzv3qi45LTBjeUKSPmx9qEh updated.
[2026-09-25--05-58-13 INFO surfpool::cli::simnet] Account FaHQ9Ny2U2RkcdapsKVr9pvnt4Mg7n92NdKnvyRzuibH updated.
[2026-09-25--05-58-13 INFO surfpool::cli::simnet] Account EPjFWdd5AufqSSqeM2qN1xzybapC8G4wEGGkZwyTDt1v updated.
[2026-09-25--05-58-13 INFO surfpool::cli::simnet] Account 5TSHEwRAgHLTYkchrUNiKUL2RvuZgdh3vExbMptWrHoX updated.
[2026-09-25--05-58-13 INFO surfpool::cli::simnet] Account CbTCXA1r93p8p1v8Uhp6Ufoe15FwsmzimWY8AG3TbyxR updated.
[2026-09-25--05-58-13 INFO surfpool::cli::simnet] Account Xsc9qvGR1efVDFGLrVsmkzv3qi45LTBjeUKSPmx9qEh updated.
[2026-09-25--05-58-13 INFO surfpool::cli::simnet] Account CtXfPzz36dH5Ws4UYKZvrQ1Xqzn42ecDW6y8NKuiN8nD updated.
[2026-09-25--05-58-13 INFO surfpool::cli::simnet] Account whirLbMiicVdio4qvUfM5KAg6Ct8VwpYzGff3uctyCc updated.
[2026-09-25--05-58-14 ERROR surfpool::cli::simnet] Transaction execution failed: Error processing Instruction 5: custom program error: 0x1770
[2026-09-25--05-58-15 ERROR surfpool::cli::simnet] Transaction execution failed: Error processing Instruction 5: custom program error: 0x1777
[2026-09-25--05-58-16 ERROR surfpool::cli::simnet] Transaction execution failed: Error processing Instruction 5: custom program error: 0x1776
[2026-09-25--05-58-17 INFO surfpool::cli::simnet] Account 9VJRZWagVaCL2eRNpcV2zYfCSKNzEbdbL9MoBEYnrRv1 updated.
[2026-09-25--05-58-17 INFO surfpool::cli::simnet] Account ExnVr11uZZU9Bd8s71CtitGCt86H1T6BARRtvmerZ1tu updated.
[2026-09-25--05-58-19 INFO surfpool::cli::simnet] Account zB2vDMHatDhYdTPGG5a4h6CZrDR5ravWa1TwqE5eFdJ updated.
[2026-09-25--05-58-21 INFO surfpool::cli::simnet] Account 6Gi6cz3fsvtD4n7v2xNx3dY7JEQhRpjPQJjmQruEc3bP updated.
[2026-09-25--05-58-21 INFO surfpool::cli::simnet] Account PreweJYECqtQwBtpxHL171nL2K6umo692gTm7Q3rpgF updated.
[2026-09-25--05-58-21 INFO surfpool::cli::simnet] Account FuwH9eyEi9RApviaNqUhxZhEY6i455Ca2xQmNkjrfTU updated.
[2026-09-25--05-58-21 INFO surfpool::cli::simnet] Account EPjFWdd5AufqSSqeM2qN1xzybapC8G4wEGGkZwyTDt1v updated.
[2026-09-25--05-58-21 INFO surfpool::cli::simnet] Account 9v1o9K285AD3dctfzFNoa2MAyRj9Q2fcpdSrqCWQjKZb updated.
[2026-09-25--05-58-21 INFO surfpool::cli::simnet] Account 3J6kEW1H2cHRtLR7W6azgkoFCxbS8bkRVSth6Rmy2Cdv updated.
[2026-09-25--05-58-21 INFO surfpool::cli::simnet] Account PreweJYECqtQwBtpxHL171nL2K6umo692gTm7Q3rpgF updated.
[2026-09-25--05-58-21 INFO surfpool::cli::simnet] Account AntpWAd9rqm9MJ974fGDmrfHMywtJ7ajvjjUxi2w9pgy updated.
[2026-09-25--05-58-21 INFO surfpool::cli::simnet] Account PreweJYECqtQwBtpxHL171nL2K6umo692gTm7Q3rpgF updated.
[2026-09-25--05-58-21 INFO surfpool::cli::simnet] Account G92J4ZFggKZ9LbsQ2zBpajRvRto7ed7uRuJJqWsX4BhJ updated.
[2026-09-25--05-58-21 INFO surfpool::cli::simnet] Account MNFSTqtC93rEfYHB6hF82sKdZpUDFWkViLByLd1k1Ms updated.
[2026-09-25--05-58-21 ERROR surfpool::cli::simnet] Transaction execution failed: Error processing Instruction 4: custom program error: 0x1770
[2026-09-25--05-58-22 INFO surfpool::cli::simnet] Account 6HG36ES5jpXd2yVCBDYmgr8uVMTAXoQVB9QJvRdarioB updated.
[2026-09-25--05-58-26 INFO surfpool::cli::simnet] Account 4QRBQXLhCh45dgzs3GrruXyYd7TkmKPHkRwrVw28tFt1 updated.
[2026-09-25--05-58-26 INFO surfpool::cli::simnet] Account GnbC5qqSJfH9ARwuTSoY9yQaHPubFCdCfP8jEzfLqgkq updated.
[2026-09-25--05-58-26 INFO surfpool::cli::simnet] Account FfeasecR48Ay8V6VULZpFBbQfSosHL7cTUPSa799SiX4 updated.
[2026-09-25--05-58-26 INFO surfpool::cli::simnet] Account HZcJwcJ2njPDxZtpPoKnF8v2w9QAx2rS7TdJPSRkbEhu updated.
[2026-09-25--05-58-26 INFO surfpool::cli::simnet] Account LBUZKhRxPF3XUpBCjp4YzTKgLccjZhTSDM9YuVaPwxo updated.
[2026-09-25--05-58-26 INFO surfpool::cli::simnet] Account Chroid93DKzmgDYmCJELZ6CNC3SZ8WfRXzCkcqVtRy1r updated.
[2026-09-25--05-58-26 INFO surfpool::cli::simnet] Account PreANxuXjsy2pvisWWMNB6YaJNzr7681wJJr2rHsfTh updated.
[2026-09-25--05-58-26 INFO surfpool::cli::simnet] Account GM56syqs18fNYmVgQJjuGUtwxiWRrt6JyFJsmcqSAYqk updated.
[2026-09-25--05-58-26 INFO surfpool::cli::simnet] Account EPjFWdd5AufqSSqeM2qN1xzybapC8G4wEGGkZwyTDt1v updated.
[2026-09-25--05-58-26 INFO surfpool::cli::simnet] Account ESEQ4k8U39d5xmu53GXT56Fvh3DPTAtVHau9MjuRFgNA updated.
[2026-09-25--05-58-26 INFO surfpool::cli::simnet] Account G974aXt5g12Qa3CFVNTCjMTpuKjT8ZYnb8fRrP5XPW8n updated.
[2026-09-25--05-58-26 INFO surfpool::cli::simnet] Account PreANxuXjsy2pvisWWMNB6YaJNzr7681wJJr2rHsfTh updated.
[2026-09-25--05-58-26 INFO surfpool::cli::simnet] Account D1ZN9Wj1fRSUQfCjhvnu1hqDMT7hzjzBBpi12nVniYD6 updated.
[2026-09-25--05-58-27 ERROR surfpool::cli::simnet] Transaction execution failed: Error processing Instruction 1: custom program error: 0x1771
