[2026-09-25--05-20-49 INFO actix_server::builder] starting 5 workers
[2026-09-25--05-20-49 INFO actix_server::server] Tokio runtime found; starting in existing Tokio runtime
[2026-09-25--05-20-49 INFO actix_server::server] starting service: "actix-web-service-127.0.0.1:18488", workers: 5, listening on: 127.0.0.1:18488
[2026-09-25--05-20-50 INFO parity_ws] Listening for new connections on 127.0.0.1:8900.
[2026-09-25--05-20-51 INFO surfpool::cli::simnet] Datasource connection successful. Epoch 1042 / Slot index 98950 / Slot 450242950.
[2026-09-25--05-20-51 INFO surfpool::cli::simnet] No keypair found at provided path /Users/mac/.config/solana/id.json; skipping airdrop for that keypair
[2026-09-25--05-20-53 INFO surfpool::cli::simnet] Account 2TL4offmc2uDbuscFYjRZjHbea1ixTHXiAjbT42qbV8j updated.
[2026-09-25--05-20-55 INFO surfpool::cli::simnet] Account ptokFjwyJtrwCa9Kgo9xoDS59V4QccBGEaRFnRPnSdP updated.
[2026-09-25--05-20-55 INFO surfpool::cli::simnet] Account bn1hKNURMGQaQoEVxahcEAcqiX3NwRs6hgKKNSLeKxH updated.
[2026-09-25--05-20-55 INFO surfpool::cli::simnet] Account 2GCrNXbzmt4xrwdcKS2RdsLzsgu4V5zHAemW57pcHT6a updated.
[2026-09-25--05-20-55 INFO surfpool::cli::simnet] Account 6sPDzwyARRExKH52LECxcGoqziH8G7SZofwuxi8Ja331 updated.
[2026-09-25--05-20-55 INFO surfpool::cli::simnet] Account zkexuyPRdyTVbZqEAREueqL2xvvoBhRgth9xGSc1tMN updated.
[2026-09-25--05-20-55 INFO surfpool::cli::simnet] Account bn2oPgpkzQPT3tohMaAsMVGjhDmmDa4jCaVPqCFmtxM updated.
[2026-09-25--05-20-55 INFO surfpool::cli::simnet] Account vcmrw431aNM8ngQ46derkZXipoTGQdbHkEygBDh12dA updated.
[2026-09-25--05-20-55 INFO surfpool::cli::simnet] Account LTDSzjZKFJMKHYpNycG1FrWwGGTaFFwqEFjB5GGLNVD updated.
[2026-09-25--05-20-55 INFO surfpool::cli::simnet] Account 4a6f7o7iTcA8hRDCrPLkSatnt5Ykxiu36wo5p1Tt12wC updated.
[2026-09-25--05-20-55 INFO surfpool::cli::simnet] Account Eg7tXEwMZzS98xaZ1YHUbdRHsaYZiCsSaR6sKgxreoaj updated.
[2026-09-25--05-20-55 INFO surfpool::cli::simnet] Account 76dHtohc2s5dR3ahJyBxs7eJJVipFkaPdih9CLgTTb4B updated.
[2026-09-25--05-20-55 INFO surfpool::cli::simnet] Account b1sgUiJ3qu7hYm3tNDyyqZNQd6gLGJmJppnLNa93PCQ updated.
[2026-09-25--05-20-56 INFO surfpool::cli::simnet] Account DeS7sR48ZcFTUmt5FFEVDr1v1bh73aAbZiZq3SYr8Eh8 updated.
[2026-09-25--05-20-56 INFO surfpool::cli::simnet] Account vcmrbYbiMVKaq1snKP6eCacNDcr6qZvpCNUjmk6gxvZ updated.
[2026-09-25--05-20-56 INFO surfpool::cli::simnet] Account YbbRLkvenrocjGPGyoQE4wjnvYzTgfsk38NFmcYK7a5 updated.
[2026-09-25--05-20-56 INFO surfpool::cli::simnet] Account JE86WkYvTrzW8HgNmrHY7dFYpCmSptUpKupbo2AdQ9cG updated.
[2026-09-25--05-20-56 INFO surfpool::cli::simnet] Account 7VgiehxNxu53KdxgLspGQY8myE6f7UokaWa4jsGcaSz updated.
[2026-09-25--05-20-56 INFO surfpool::cli::simnet] Account 4WeHX6QoXCCwqbSFgi6dxnB6QsPo6YApaNTH7P4MLQ99 updated.
[2026-09-25--05-20-56 INFO surfpool::cli::simnet] Account AnAP9zPV4KL7czAPQbFhpDKV2tx7g4UGNbK9wvXwjaRo updated.
[2026-09-25--05-20-56 INFO surfpool::cli::simnet] Account GDH5TVdbTPUpRnXaRyQqiKUa7uZAbZ28Q2N9bhbKoMLm updated.
[2026-09-25--05-20-56 INFO surfpool::cli::simnet] Account rexav5eNTUSNT1K2N7cfRjnthwhcP5BC25v2tA4rW4h updated.
[2026-09-25--05-20-56 INFO surfpool::cli::simnet] Account 7bTK6Jis8Xpfrs8ZoUfiMDPazTcdPcTWheZFJTA5Z6X4 updated.
[2026-09-25--05-20-56 INFO surfpool::cli::simnet] Account zkdoVwnSFnSLtGJG7irJPEYUpmb4i7sGMGcnN6T9rnC updated.
[2026-09-25--05-20-56 INFO surfpool::cli::simnet] Account VAT9huvhPjRN9cyrPytq9rwvEJ3J4ADtjdncgZRyANJ updated.
[2026-09-25--05-20-56 INFO surfpool::cli::simnet] Account EDGMC5kxFxGk4ixsNkGt8bW7QL5hDMXnbwaZvYMwNfzF updated.
[2026-09-25--05-20-56 INFO surfpool::cli::simnet] Account 5cC3foj77CWun58pC51ebHFUWavHWKarWyR5UUik7dnC updated.
[2026-09-25--05-20-57 INFO surfpool::cli::simnet] Account disCA4efguFL6Wqa4pGdG7jpjC7C5uiKzKnhEBqchBe updated.
[2026-09-25--05-20-57 INFO surfpool::cli::simnet] Account 6aHuNsUmwSzCEMjrBzBCYaxHAyAcQBjVES92JigHBDuC updated.
[2026-09-25--05-20-57 INFO surfpool::cli::simnet] Account STk5Xj8hdAx3sTzmtJ3QysKkq6X2A3yj73JtxttiRyk updated.
[2026-09-25--05-20-57 INFO surfpool::cli::simnet] Account 9ypxGLzkMxi89eDerRKXWDXe44UY2z4hBig4mDhNq5Dp updated.
[2026-09-25--05-20-57 INFO surfpool::cli::simnet] Account 61BtM7BkDEE8Yq5fskEVAQT9mYA8qCejJWoLe5apqg81 updated.
[2026-09-25--05-20-59 INFO parity_ws::io] Accepted a new tcp connection from 127.0.0.1:54625.
[2026-09-25--05-20-59 WARN surfpool::cli::simnet] Websocket method 'slots_updates_subscribe' is uninmplemented
[2026-09-25--05-21-11 INFO surfpool::cli::simnet] Account 2TL4offmc2uDbuscFYjRZjHbea1ixTHXiAjbT42qbV8j updated.
[2026-09-25--05-21-11 INFO surfpool::cli::simnet] Account 9RLTYM5ErTwEWYnXirQixD1aVcuSgEJuFxJeetsQVEMe updated.
[2026-09-25--05-24-27 ERROR surfpool::cli::simnet] Transaction simulation failed: Error processing Instruction 0: invalid account data for instruction
[2026-09-25--05-24-27 ERROR surfpool::cli::simnet] Transaction simulation failed: Error processing Instruction 0: invalid account data for instruction
[2026-09-25--05-24-27 ERROR surfpool::cli::simnet] Transaction simulation failed: Error processing Instruction 0: invalid account data for instruction
[2026-09-25--05-24-27 ERROR surfpool::cli::simnet] Transaction simulation failed: Error processing Instruction 0: invalid account data for instruction
[2026-09-25--05-24-29 ERROR surfpool::cli::simnet] Transaction simulation failed: Error processing Instruction 0: invalid account data for instruction
[2026-09-25--05-24-29 ERROR surfpool::cli::simnet] Transaction simulation failed: Error processing Instruction 0: invalid account data for instruction
[2026-09-25--05-24-29 ERROR surfpool::cli::simnet] Transaction simulation failed: Error processing Instruction 0: invalid account data for instruction
[2026-09-25--05-24-30 ERROR surfpool::cli::simnet] Transaction simulation failed: Error processing Instruction 0: invalid account data for instruction
[2026-09-25--05-24-31 ERROR surfpool::cli::simnet] Transaction simulation failed: Error processing Instruction 0: invalid account data for instruction
[2026-09-25--05-24-31 ERROR surfpool::cli::simnet] Transaction simulation failed: Error processing Instruction 0: invalid account data for instruction
[2026-09-25--05-24-31 ERROR surfpool::cli::simnet] Transaction simulation failed: Error processing Instruction 0: invalid account data for instruction
[2026-09-25--05-24-32 ERROR surfpool::cli::simnet] Transaction simulation failed: Error processing Instruction 0: invalid account data for instruction
[2026-09-25--05-24-33 ERROR surfpool::cli::simnet] Transaction simulation failed: Error processing Instruction 0: invalid account data for instruction
[2026-09-25--05-24-33 ERROR surfpool::cli::simnet] Transaction simulation failed: Error processing Instruction 0: invalid account data for instruction
[2026-09-25--05-24-33 ERROR surfpool::cli::simnet] Transaction simulation failed: Error processing Instruction 0: invalid account data for instruction
[2026-09-25--05-24-34 ERROR surfpool::cli::simnet] Transaction simulation failed: Error processing Instruction 0: invalid account data for instruction
[2026-09-25--05-24-35 ERROR surfpool::cli::simnet] Transaction simulation failed: Error processing Instruction 0: invalid account data for instruction
[2026-09-25--05-24-35 ERROR surfpool::cli::simnet] Transaction simulation failed: Error processing Instruction 0: invalid account data for instruction
[2026-09-25--05-24-35 ERROR surfpool::cli::simnet] Transaction simulation failed: Error processing Instruction 0: invalid account data for instruction
[2026-09-25--05-24-36 ERROR surfpool::cli::simnet] Transaction simulation failed: Error processing Instruction 0: invalid account data for instruction
[2026-09-25--05-24-37 ERROR surfpool::cli::simnet] Transaction simulation failed: Error processing Instruction 0: invalid account data for instruction
[2026-09-25--05-24-37 ERROR surfpool::cli::simnet] Transaction simulation failed: Error processing Instruction 0: invalid account data for instruction
[2026-09-25--05-24-37 ERROR surfpool::cli::simnet] Transaction simulation failed: Error processing Instruction 0: invalid account data for instruction
[2026-09-25--05-24-38 ERROR surfpool::cli::simnet] Transaction simulation failed: Error processing Instruction 0: invalid account data for instruction
[2026-09-25--05-24-38 ERROR surfpool::cli::simnet] Transaction simulation failed: Error processing Instruction 0: invalid account data for instruction
[2026-09-25--05-24-39 ERROR surfpool::cli::simnet] Transaction simulation failed: Error processing Instruction 0: invalid account data for instruction
[2026-09-25--05-24-39 ERROR surfpool::cli::simnet] Transaction simulation failed: Error processing Instruction 0: invalid account data for instruction
[2026-09-25--05-24-40 ERROR surfpool::cli::simnet] Transaction simulation failed: Error processing Instruction 0: invalid account data for instruction
[2026-09-25--05-24-42 ERROR surfpool::cli::simnet] Transaction simulation failed: Error processing Instruction 0: invalid account data for instruction
[2026-09-25--05-24-42 ERROR surfpool::cli::simnet] Transaction simulation failed: Error processing Instruction 0: invalid account data for instruction
[2026-09-25--05-24-42 ERROR surfpool::cli::simnet] Transaction simulation failed: Error processing Instruction 0: invalid account data for instruction
[2026-09-25--05-24-42 ERROR surfpool::cli::simnet] Transaction simulation failed: Error processing Instruction 0: invalid account data for instruction
[2026-09-25--05-24-44 ERROR surfpool::cli::simnet] Transaction simulation failed: Error processing Instruction 0: invalid account data for instruction
[2026-09-25--05-24-44 ERROR surfpool::cli::simnet] Transaction simulation failed: Error processing Instruction 0: invalid account data for instruction
[2026-09-25--05-24-44 ERROR surfpool::cli::simnet] Transaction simulation failed: Error processing Instruction 0: invalid account data for instruction
[2026-09-25--05-24-45 ERROR surfpool::cli::simnet] Transaction simulation failed: Error processing Instruction 0: invalid account data for instruction
[2026-09-25--05-24-46 ERROR surfpool::cli::simnet] Transaction simulation failed: Error processing Instruction 0: invalid account data for instruction
[2026-09-25--05-24-46 ERROR surfpool::cli::simnet] Transaction simulation failed: Error processing Instruction 0: invalid account data for instruction
[2026-09-25--05-24-46 ERROR surfpool::cli::simnet] Transaction simulation failed: Error processing Instruction 0: invalid account data for instruction
[2026-09-25--05-24-48 ERROR surfpool::cli::simnet] Transaction simulation failed: Error processing Instruction 0: invalid account data for instruction
[2026-09-25--05-24-49 ERROR surfpool::cli::simnet] Transaction simulation failed: Error processing Instruction 0: invalid account data for instruction
[2026-09-25--05-24-49 ERROR surfpool::cli::simnet] Transaction simulation failed: Error processing Instruction 0: invalid account data for instruction
[2026-09-25--05-24-49 ERROR surfpool::cli::simnet] Transaction simulation failed: Error processing Instruction 0: invalid account data for instruction
[2026-09-25--05-24-50 ERROR surfpool::cli::simnet] Transaction simulation failed: Error processing Instruction 0: invalid account data for instruction
[2026-09-25--05-24-51 ERROR surfpool::cli::simnet] Transaction simulation failed: Error processing Instruction 0: invalid account data for instruction
[2026-09-25--05-24-51 ERROR surfpool::cli::simnet] Transaction simulation failed: Error processing Instruction 0: invalid account data for instruction
[2026-09-25--05-24-52 ERROR surfpool::cli::simnet] Transaction simulation failed: Error processing Instruction 0: invalid account data for instruction
[2026-09-25--05-24-52 ERROR surfpool::cli::simnet] Transaction simulation failed: Error processing Instruction 0: invalid account data for instruction
[2026-09-25--05-24-53 ERROR surfpool::cli::simnet] Transaction simulation failed: Error processing Instruction 0: invalid account data for instruction
[2026-09-25--05-24-53 ERROR surfpool::cli::simnet] Transaction simulation failed: Error processing Instruction 0: invalid account data for instruction
[2026-09-25--05-24-54 ERROR surfpool::cli::simnet] Transaction simulation failed: Error processing Instruction 0: invalid account data for instruction
[2026-09-25--05-24-54 ERROR surfpool::cli::simnet] Transaction simulation failed: Error processing Instruction 0: invalid account data for instruction
[2026-09-25--05-24-56 ERROR surfpool::cli::simnet] Transaction simulation failed: Error processing Instruction 0: invalid account data for instruction
[2026-09-25--05-24-56 ERROR surfpool::cli::simnet] Transaction simulation failed: Error processing Instruction 0: invalid account data for instruction
[2026-09-25--05-24-56 ERROR surfpool::cli::simnet] Transaction simulation failed: Error processing Instruction 0: invalid account data for instruction
[2026-09-25--05-24-57 ERROR surfpool::cli::simnet] Transaction simulation failed: Error processing Instruction 0: invalid account data for instruction
[2026-09-25--05-24-58 ERROR surfpool::cli::simnet] Transaction simulation failed: Error processing Instruction 0: invalid account data for instruction
[2026-09-25--05-24-58 ERROR surfpool::cli::simnet] Transaction simulation failed: Error processing Instruction 0: invalid account data for instruction
[2026-09-25--05-24-59 ERROR surfpool::cli::simnet] Transaction simulation failed: Error processing Instruction 0: invalid account data for instruction
[2026-09-25--05-24-59 ERROR surfpool::cli::simnet] Transaction simulation failed: Error processing Instruction 0: invalid account data for instruction
[2026-09-25--05-25-00 ERROR surfpool::cli::simnet] Transaction simulation failed: Error processing Instruction 0: invalid account data for instruction
[2026-09-25--05-25-35 ERROR surfpool::cli::simnet] Transaction simulation failed: Error processing Instruction 0: invalid account data for instruction
[2026-09-25--05-25-35 ERROR surfpool::cli::simnet] Transaction simulation failed: Error processing Instruction 0: invalid account data for instruction
[2026-09-25--05-25-36 ERROR surfpool::cli::simnet] Transaction simulation failed: Error processing Instruction 0: invalid account data for instruction
[2026-09-25--05-25-38 ERROR surfpool::cli::simnet] Transaction simulation failed: Error processing Instruction 0: invalid account data for instruction
[2026-09-25--05-25-38 ERROR surfpool::cli::simnet] Transaction simulation failed: Error processing Instruction 0: invalid account data for instruction
[2026-09-25--05-25-38 ERROR surfpool::cli::simnet] Transaction simulation failed: Error processing Instruction 0: invalid account data for instruction
[2026-09-25--05-25-42 ERROR surfpool::cli::simnet] Transaction simulation failed: Error processing Instruction 0: invalid account data for instruction
[2026-09-25--05-25-45 ERROR surfpool::cli::simnet] Transaction simulation failed: Error processing Instruction 0: invalid account data for instruction
[2026-09-25--05-25-50 ERROR surfpool::cli::simnet] Transaction simulation failed: Error processing Instruction 0: invalid account data for instruction
[2026-09-25--05-25-52 ERROR surfpool::cli::simnet] Transaction simulation failed: Error processing Instruction 0: invalid account data for instruction
[2026-09-25--05-25-52 ERROR surfpool::cli::simnet] Transaction simulation failed: Error processing Instruction 0: invalid account data for instruction
[2026-09-25--05-25-53 ERROR surfpool::cli::simnet] Transaction simulation failed: Error processing Instruction 0: invalid account data for instruction
[2026-09-25--05-25-53 ERROR surfpool::cli::simnet] Transaction simulation failed: Error processing Instruction 0: invalid account data for instruction
[2026-09-25--05-25-53 ERROR surfpool::cli::simnet] Transaction simulation failed: Error processing Instruction 0: invalid account data for instruction
[2026-09-25--05-25-53 ERROR surfpool::cli::simnet] Transaction simulation failed: Error processing Instruction 0: invalid account data for instruction
[2026-09-25--05-25-53 ERROR surfpool::cli::simnet] Transaction simulation failed: Error processing Instruction 0: invalid account data for instruction
[2026-09-25--05-25-54 ERROR surfpool::cli::simnet] Transaction simulation failed: Error processing Instruction 0: invalid account data for instruction
[2026-09-25--05-25-54 ERROR surfpool::cli::simnet] Transaction simulation failed: Error processing Instruction 0: invalid account data for instruction
[2026-09-25--05-25-54 ERROR surfpool::cli::simnet] Transaction simulation failed: Error processing Instruction 0: invalid account data for instruction
[2026-09-25--05-25-54 ERROR surfpool::cli::simnet] Transaction simulation failed: Error processing Instruction 0: invalid account data for instruction
[2026-09-25--05-25-54 ERROR surfpool::cli::simnet] Transaction simulation failed: Error processing Instruction 0: invalid account data for instruction
[2026-09-25--05-25-54 ERROR surfpool::cli::simnet] Transaction simulation failed: Error processing Instruction 0: invalid account data for instruction
[2026-09-25--05-25-55 ERROR surfpool::cli::simnet] Transaction simulation failed: Error processing Instruction 0: invalid account data for instruction
[2026-09-25--05-25-55 ERROR surfpool::cli::simnet] Transaction simulation failed: Error processing Instruction 0: invalid account data for instruction
[2026-09-25--05-25-55 ERROR surfpool::cli::simnet] Transaction simulation failed: Error processing Instruction 0: invalid account data for instruction
[2026-09-25--05-25-55 ERROR surfpool::cli::simnet] Transaction simulation failed: Error processing Instruction 0: invalid account data for instruction
[2026-09-25--05-25-55 ERROR surfpool::cli::simnet] Transaction simulation failed: Error processing Instruction 0: invalid account data for instruction
[2026-09-25--05-25-56 ERROR surfpool::cli::simnet] Transaction simulation failed: Error processing Instruction 0: invalid account data for instruction
[2026-09-25--05-25-56 ERROR surfpool::cli::simnet] Transaction simulation failed: Error processing Instruction 0: invalid account data for instruction
[2026-09-25--05-25-56 ERROR surfpool::cli::simnet] Transaction simulation failed: Error processing Instruction 0: invalid account data for instruction
[2026-09-25--05-25-56 ERROR surfpool::cli::simnet] Transaction simulation failed: Error processing Instruction 0: invalid account data for instruction
[2026-09-25--05-25-56 ERROR surfpool::cli::simnet] Transaction simulation failed: Error processing Instruction 0: invalid account data for instruction
[2026-09-25--05-25-57 ERROR surfpool::cli::simnet] Transaction simulation failed: Error processing Instruction 0: invalid account data for instruction
[2026-09-25--05-25-57 ERROR surfpool::cli::simnet] Transaction simulation failed: Error processing Instruction 0: invalid account data for instruction
[2026-09-25--05-25-57 ERROR surfpool::cli::simnet] Transaction simulation failed: Error processing Instruction 0: invalid account data for instruction
[2026-09-25--05-25-57 ERROR surfpool::cli::simnet] Transaction simulation failed: Error processing Instruction 0: invalid account data for instruction
[2026-09-25--05-25-57 ERROR surfpool::cli::simnet] Transaction simulation failed: Error processing Instruction 0: invalid account data for instruction
[2026-09-25--05-25-58 ERROR surfpool::cli::simnet] Transaction simulation failed: Error processing Instruction 0: invalid account data for instruction
[2026-09-25--05-25-58 ERROR surfpool::cli::simnet] Transaction simulation failed: Error processing Instruction 0: invalid account data for instruction
[2026-09-25--05-25-58 ERROR surfpool::cli::simnet] Transaction simulation failed: Error processing Instruction 0: invalid account data for instruction
[2026-09-25--05-25-59 ERROR surfpool::cli::simnet] Transaction simulation failed: Error processing Instruction 0: invalid account data for instruction
[2026-09-25--05-26-01 ERROR surfpool::cli::simnet] Transaction simulation failed: Error processing Instruction 0: invalid account data for instruction
[2026-09-25--05-26-01 ERROR surfpool::cli::simnet] Transaction simulation failed: Error processing Instruction 0: invalid account data for instruction
[2026-09-25--05-26-01 ERROR surfpool::cli::simnet] Transaction simulation failed: Error processing Instruction 0: invalid account data for instruction
[2026-09-25--05-26-02 ERROR surfpool::cli::simnet] Transaction simulation failed: Error processing Instruction 0: invalid account data for instruction
[2026-09-25--05-26-02 ERROR surfpool::cli::simnet] Transaction simulation failed: Error processing Instruction 0: invalid account data for instruction
[2026-09-25--05-26-02 ERROR surfpool::cli::simnet] Transaction simulation failed: Error processing Instruction 0: invalid account data for instruction
[2026-09-25--05-26-04 ERROR surfpool::cli::simnet] Transaction simulation failed: Error processing Instruction 0: invalid account data for instruction
[2026-09-25--05-26-04 ERROR surfpool::cli::simnet] Transaction simulation failed: Error processing Instruction 0: invalid account data for instruction
[2026-09-25--05-26-04 ERROR surfpool::cli::simnet] Transaction simulation failed: Error processing Instruction 0: invalid account data for instruction
[2026-09-25--05-26-04 ERROR surfpool::cli::simnet] Transaction simulation failed: Error processing Instruction 0: invalid account data for instruction
[2026-09-25--05-26-06 ERROR surfpool::cli::simnet] Transaction simulation failed: Error processing Instruction 0: invalid account data for instruction
[2026-09-25--05-26-06 ERROR surfpool::cli::simnet] Transaction simulation failed: Error processing Instruction 0: invalid account data for instruction
[2026-09-25--05-26-06 ERROR surfpool::cli::simnet] Transaction simulation failed: Error processing Instruction 0: invalid account data for instruction
[2026-09-25--05-26-07 ERROR surfpool::cli::simnet] Transaction simulation failed: Error processing Instruction 0: invalid account data for instruction
[2026-09-25--05-26-08 ERROR surfpool::cli::simnet] Transaction simulation failed: Error processing Instruction 0: invalid account data for instruction
[2026-09-25--05-26-08 ERROR surfpool::cli::simnet] Transaction simulation failed: Error processing Instruction 0: invalid account data for instruction
[2026-09-25--05-26-08 ERROR surfpool::cli::simnet] Transaction simulation failed: Error processing Instruction 0: invalid account data for instruction
[2026-09-25--05-26-10 ERROR surfpool::cli::simnet] Transaction simulation failed: Error processing Instruction 0: invalid account data for instruction
[2026-09-25--05-26-10 ERROR surfpool::cli::simnet] Transaction simulation failed: Error processing Instruction 0: invalid account data for instruction
[2026-09-25--05-26-10 ERROR surfpool::cli::simnet] Transaction simulation failed: Error processing Instruction 0: invalid account data for instruction
