[2026-09-25--05-36-22 INFO actix_server::builder] starting 5 workers
[2026-09-25--05-36-22 INFO actix_server::server] Tokio runtime found; starting in existing Tokio runtime
[2026-09-25--05-36-22 INFO actix_server::server] starting service: "actix-web-service-127.0.0.1:18488", workers: 5, listening on: 127.0.0.1:18488
[2026-09-25--05-36-23 INFO parity_ws] Listening for new connections on 127.0.0.1:8900.
[2026-09-25--05-36-25 INFO surfpool::cli::simnet] Datasource connection successful. Epoch 1042 / Slot index 102448 / Slot 450246448.
[2026-09-25--05-36-25 INFO surfpool::cli::simnet] No keypair found at provided path /Users/mac/.config/solana/id.json; skipping airdrop for that keypair
[2026-09-25--05-36-26 INFO surfpool::cli::simnet] Account 2TL4offmc2uDbuscFYjRZjHbea1ixTHXiAjbT42qbV8j updated.
[2026-09-25--05-36-27 INFO surfpool::cli::simnet] Account DeS7sR48ZcFTUmt5FFEVDr1v1bh73aAbZiZq3SYr8Eh8 updated.
[2026-09-25--05-36-27 INFO surfpool::cli::simnet] Account bn1hKNURMGQaQoEVxahcEAcqiX3NwRs6hgKKNSLeKxH updated.
[2026-09-25--05-36-27 INFO surfpool::cli::simnet] Account disCA4efguFL6Wqa4pGdG7jpjC7C5uiKzKnhEBqchBe updated.
[2026-09-25--05-36-27 INFO surfpool::cli::simnet] Account 2GCrNXbzmt4xrwdcKS2RdsLzsgu4V5zHAemW57pcHT6a updated.
[2026-09-25--05-36-27 INFO surfpool::cli::simnet] Account AnAP9zPV4KL7czAPQbFhpDKV2tx7g4UGNbK9wvXwjaRo updated.
[2026-09-25--05-36-27 INFO surfpool::cli::simnet] Account Eg7tXEwMZzS98xaZ1YHUbdRHsaYZiCsSaR6sKgxreoaj updated.
[2026-09-25--05-36-27 INFO surfpool::cli::simnet] Account 7bTK6Jis8Xpfrs8ZoUfiMDPazTcdPcTWheZFJTA5Z6X4 updated.
[2026-09-25--05-36-27 INFO surfpool::cli::simnet] Account 4WeHX6QoXCCwqbSFgi6dxnB6QsPo6YApaNTH7P4MLQ99 updated.
[2026-09-25--05-36-27 INFO surfpool::cli::simnet] Account STk5Xj8hdAx3sTzmtJ3QysKkq6X2A3yj73JtxttiRyk updated.
[2026-09-25--05-36-27 INFO surfpool::cli::simnet] Account b1sgUiJ3qu7hYm3tNDyyqZNQd6gLGJmJppnLNa93PCQ updated.
[2026-09-25--05-36-28 INFO surfpool::cli::simnet] Account 5cC3foj77CWun58pC51ebHFUWavHWKarWyR5UUik7dnC updated.
[2026-09-25--05-36-28 INFO surfpool::cli::simnet] Account 7VgiehxNxu53KdxgLspGQY8myE6f7UokaWa4jsGcaSz updated.
[2026-09-25--05-36-28 INFO surfpool::cli::simnet] Account 9ypxGLzkMxi89eDerRKXWDXe44UY2z4hBig4mDhNq5Dp updated.
[2026-09-25--05-36-28 INFO surfpool::cli::simnet] Account 61BtM7BkDEE8Yq5fskEVAQT9mYA8qCejJWoLe5apqg81 updated.
[2026-09-25--05-36-28 INFO surfpool::cli::simnet] Account vcmrbYbiMVKaq1snKP6eCacNDcr6qZvpCNUjmk6gxvZ updated.
[2026-09-25--05-36-28 INFO surfpool::cli::simnet] Account zkdoVwnSFnSLtGJG7irJPEYUpmb4i7sGMGcnN6T9rnC updated.
[2026-09-25--05-36-28 INFO surfpool::cli::simnet] Account 76dHtohc2s5dR3ahJyBxs7eJJVipFkaPdih9CLgTTb4B updated.
[2026-09-25--05-36-28 INFO surfpool::cli::simnet] Account VAT9huvhPjRN9cyrPytq9rwvEJ3J4ADtjdncgZRyANJ updated.
[2026-09-25--05-36-28 INFO surfpool::cli::simnet] Account JE86WkYvTrzW8HgNmrHY7dFYpCmSptUpKupbo2AdQ9cG updated.
[2026-09-25--05-36-28 INFO surfpool::cli::simnet] Account zkexuyPRdyTVbZqEAREueqL2xvvoBhRgth9xGSc1tMN updated.
[2026-09-25--05-36-28 INFO surfpool::cli::simnet] Account ptokFjwyJtrwCa9Kgo9xoDS59V4QccBGEaRFnRPnSdP updated.
[2026-09-25--05-36-28 INFO surfpool::cli::simnet] Account EDGMC5kxFxGk4ixsNkGt8bW7QL5hDMXnbwaZvYMwNfzF updated.
[2026-09-25--05-36-29 INFO surfpool::cli::simnet] Account GDH5TVdbTPUpRnXaRyQqiKUa7uZAbZ28Q2N9bhbKoMLm updated.
[2026-09-25--05-36-29 INFO surfpool::cli::simnet] Account 6sPDzwyARRExKH52LECxcGoqziH8G7SZofwuxi8Ja331 updated.
[2026-09-25--05-36-29 INFO surfpool::cli::simnet] Account vcmrw431aNM8ngQ46derkZXipoTGQdbHkEygBDh12dA updated.
[2026-09-25--05-36-29 INFO surfpool::cli::simnet] Account LTDSzjZKFJMKHYpNycG1FrWwGGTaFFwqEFjB5GGLNVD updated.
[2026-09-25--05-36-29 INFO surfpool::cli::simnet] Account bn2oPgpkzQPT3tohMaAsMVGjhDmmDa4jCaVPqCFmtxM updated.
[2026-09-25--05-36-29 INFO surfpool::cli::simnet] Account 4a6f7o7iTcA8hRDCrPLkSatnt5Ykxiu36wo5p1Tt12wC updated.
[2026-09-25--05-36-29 INFO surfpool::cli::simnet] Account 6aHuNsUmwSzCEMjrBzBCYaxHAyAcQBjVES92JigHBDuC updated.
[2026-09-25--05-36-29 INFO surfpool::cli::simnet] Account rexav5eNTUSNT1K2N7cfRjnthwhcP5BC25v2tA4rW4h updated.
[2026-09-25--05-36-29 INFO surfpool::cli::simnet] Account YbbRLkvenrocjGPGyoQE4wjnvYzTgfsk38NFmcYK7a5 updated.
[2026-09-25--05-36-29 INFO parity_ws::io] Accepted a new tcp connection from 127.0.0.1:62223.
[2026-09-25--05-36-29 WARN surfpool::cli::simnet] Websocket method 'slots_updates_subscribe' is uninmplemented
[2026-09-25--05-37-08 INFO surfpool::cli::simnet] Account CRDaGwcVnKdRNRtx6fjHtvrBgKM5U55AhbqBWhtPMDA updated.
[2026-09-25--05-37-09 INFO surfpool::cli::simnet] Account 5VETJ8h3p4JrESYrzhjTDAWPEjDjfcnduqe9CjxgqBNd updated.
[2026-09-25--05-37-10 INFO surfpool::cli::simnet] Account TWtoAxPvaXy46uy3Vr4UwFxmWdgyMjpZAJSFxV4RGbF updated.
[2026-09-25--05-37-10 INFO surfpool::cli::simnet] Account FQB8c4zB8Emrp9W8bmyk6GanCLq4aRytHYPDAnaEpq9z updated.
[2026-09-25--05-37-11 INFO surfpool::cli::simnet] Account 6NJCSCAWy1yB1jEGhPbsMTrT4WH13o8BGD5wgPbBtdY9 updated.
[2026-09-25--05-37-12 INFO surfpool::cli::simnet] Account EKhrgXYwqsjgxF71Gxznui1zdoeqgxJzzPzfefEmm5un updated.
[2026-09-25--05-37-14 INFO surfpool::cli::simnet] Account KDQSrjsiur6YxyuY4veB7Gd13MKhwNoMZTQWvx1c93S updated.
[2026-09-25--05-37-16 INFO surfpool::cli::simnet] Account 7aUtbtC3o3GVwRWvaDp5fxKjBq53QL3UrVmDzDgeNo8M updated.
[2026-09-25--05-37-17 INFO surfpool::cli::simnet] Account D9uk39pqZMcnmtPP9WeC8cREUpKZmyXLga9mSQ79SphW updated.
[2026-09-25--05-37-17 INFO surfpool::cli::simnet] Account 4eT5d4SJ7GjD8HMpMysSNoPV7RBVTBGzoSEkynmPLMPS updated.
[2026-09-25--05-37-20 INFO surfpool::cli::simnet] Account Xsc9qvGR1efVDFGLrVsmkzv3qi45LTBjeUKSPmx9qEh updated.
[2026-09-25--05-37-20 INFO surfpool::cli::simnet] Account EPjFWdd5AufqSSqeM2qN1xzybapC8G4wEGGkZwyTDt1v updated.
[2026-09-25--05-37-20 INFO surfpool::cli::simnet] Account 7UkZQMH4NHQLE17QTy6gMztnLZZbpbpRDCdKRQXaHtZD updated.
[2026-09-25--05-37-21 INFO surfpool::cli::simnet] Account 3D8Scki3JvDhQkDEkXRUGfDEJagN3aMtEWNpPTBZKJSX updated.
[2026-09-25--05-37-22 INFO surfpool::cli::simnet] Account AuA4edLqvxFLxAf1sgg9F5ZyucXjyP1LFXBqCj2JGYeA updated.
[2026-09-25--05-37-22 INFO surfpool::cli::simnet] Account 7GcEWJCvmATJMtpGhTWkJzvdExPw74igsCfqmx2NoMMD updated.
[2026-09-25--05-37-24 INFO surfpool::cli::simnet] Account CCxmC3nbhbxuwbF2aodDEzFnzXfKNbXbjcN95YURu3br updated.
[2026-09-25--05-37-26 INFO surfpool::cli::simnet] Account 7AhTmtJMBXiUYcHwcdtfKdFsHoL9vEgzwtRfUJw3Jtr5 updated.
[2026-09-25--05-37-26 INFO surfpool::cli::simnet] Account EZK3x77EAzamF8Fgj7eFSVTDYShsjzR6R5yGAQnfFMur updated.
[2026-09-25--05-37-30 INFO surfpool::cli::simnet] Account 6wLMkijr4x2YSHg89RJeK49nxueRyTwA3paFiJjSxVZh updated.
[2026-09-25--05-37-39 INFO surfpool::cli::simnet] Account 2Rnd2fxhgY6FXm4MGdfeHStA46YNgEm2ECx3iGVUQBxn updated.
[2026-09-25--05-37-39 INFO surfpool::cli::simnet] Account 2JZ3Xp54Zw3daLWuJeHLKSD1JdhStEHFFNE12KXeArne updated.
[2026-09-25--05-37-41 INFO surfpool::cli::simnet] Account 4GJVYmsQgKkdSaR4ziQ6c61XLARqccgKj6L1jtULqPrT updated.
[2026-09-25--05-37-42 INFO surfpool::cli::simnet] Account 3R186GdgSh9FDW8iyxfoWYtidAiNvLjG9YYt11JNchKo updated.
[2026-09-25--05-37-42 INFO surfpool::cli::simnet] Account AB5VsqAPJN5jJm7Jn1QuDL3XsUbqJFDY2vzKnXivjCGc updated.
[2026-09-25--05-37-47 INFO surfpool::cli::simnet] Account 3E4GTM2We56QSSk55ikR22zVG4tbVXscRmL24it95nNC updated.
[2026-09-25--05-37-54 INFO surfpool::cli::simnet] Account HrChaS1J8FpBuTeTMAiRMS5Gmy2zsJ8PYw1TGXcYj9aU updated.
[2026-09-25--05-37-54 INFO surfpool::cli::simnet] Account 4SSgAcUweQRYnUoUpCDrpnRxfNdcruzvsJnQysYnMdcv updated.
[2026-09-25--05-38-00 INFO surfpool::cli::simnet] Account 4bt8KTsoh4ox5e9marMe11Zbg9o4yFkJmM8yf6zX3wBX updated.
