[2026-09-25--06-23-06 INFO actix_server::builder] starting 5 workers
[2026-09-25--06-23-06 INFO actix_server::server] Tokio runtime found; starting in existing Tokio runtime
[2026-09-25--06-23-06 INFO actix_server::server] starting service: "actix-web-service-127.0.0.1:18488", workers: 5, listening on: 127.0.0.1:18488
[2026-09-25--06-23-08 INFO parity_ws] Listening for new connections on 127.0.0.1:8900.
[2026-09-25--06-23-12 INFO surfpool::cli::simnet] Datasource connection successful. Epoch 1042 / Slot index 112985 / Slot 450256985.
[2026-09-25--06-23-12 INFO surfpool::cli::simnet] No keypair found at provided path /Users/mac/.config/solana/id.json; skipping airdrop for that keypair
[2026-09-25--06-23-12 INFO surfpool::cli::simnet] Account 2TL4offmc2uDbuscFYjRZjHbea1ixTHXiAjbT42qbV8j updated.
[2026-09-25--06-23-15 INFO surfpool::cli::simnet] Account vcmrw431aNM8ngQ46derkZXipoTGQdbHkEygBDh12dA updated.
[2026-09-25--06-23-15 INFO surfpool::cli::simnet] Account DeS7sR48ZcFTUmt5FFEVDr1v1bh73aAbZiZq3SYr8Eh8 updated.
[2026-09-25--06-23-15 INFO surfpool::cli::simnet] Account bn2oPgpkzQPT3tohMaAsMVGjhDmmDa4jCaVPqCFmtxM updated.
[2026-09-25--06-23-15 INFO surfpool::cli::simnet] Account zkdoVwnSFnSLtGJG7irJPEYUpmb4i7sGMGcnN6T9rnC updated.
[2026-09-25--06-23-15 INFO surfpool::cli::simnet] Account ptokFjwyJtrwCa9Kgo9xoDS59V4QccBGEaRFnRPnSdP updated.
[2026-09-25--06-23-15 INFO surfpool::cli::simnet] Account YbbRLkvenrocjGPGyoQE4wjnvYzTgfsk38NFmcYK7a5 updated.
[2026-09-25--06-23-15 INFO surfpool::cli::simnet] Account b1sgUiJ3qu7hYm3tNDyyqZNQd6gLGJmJppnLNa93PCQ updated.
[2026-09-25--06-23-15 INFO surfpool::cli::simnet] Account 2GCrNXbzmt4xrwdcKS2RdsLzsgu4V5zHAemW57pcHT6a updated.
[2026-09-25--06-23-15 INFO surfpool::cli::simnet] Account zkexuyPRdyTVbZqEAREueqL2xvvoBhRgth9xGSc1tMN updated.
[2026-09-25--06-23-15 INFO surfpool::cli::simnet] Account 6sPDzwyARRExKH52LECxcGoqziH8G7SZofwuxi8Ja331 updated.
[2026-09-25--06-23-15 INFO surfpool::cli::simnet] Account EDGMC5kxFxGk4ixsNkGt8bW7QL5hDMXnbwaZvYMwNfzF updated.
[2026-09-25--06-23-16 INFO surfpool::cli::simnet] Account 76dHtohc2s5dR3ahJyBxs7eJJVipFkaPdih9CLgTTb4B updated.
[2026-09-25--06-23-16 INFO surfpool::cli::simnet] Account 4WeHX6QoXCCwqbSFgi6dxnB6QsPo6YApaNTH7P4MLQ99 updated.
[2026-09-25--06-23-16 INFO surfpool::cli::simnet] Account GDH5TVdbTPUpRnXaRyQqiKUa7uZAbZ28Q2N9bhbKoMLm updated.
[2026-09-25--06-23-16 INFO surfpool::cli::simnet] Account AnAP9zPV4KL7czAPQbFhpDKV2tx7g4UGNbK9wvXwjaRo updated.
[2026-09-25--06-23-16 INFO surfpool::cli::simnet] Account STk5Xj8hdAx3sTzmtJ3QysKkq6X2A3yj73JtxttiRyk updated.
[2026-09-25--06-23-16 INFO surfpool::cli::simnet] Account Eg7tXEwMZzS98xaZ1YHUbdRHsaYZiCsSaR6sKgxreoaj updated.
[2026-09-25--06-23-16 INFO surfpool::cli::simnet] Account VAT9huvhPjRN9cyrPytq9rwvEJ3J4ADtjdncgZRyANJ updated.
[2026-09-25--06-23-16 INFO surfpool::cli::simnet] Account rexav5eNTUSNT1K2N7cfRjnthwhcP5BC25v2tA4rW4h updated.
[2026-09-25--06-23-16 INFO surfpool::cli::simnet] Account 4a6f7o7iTcA8hRDCrPLkSatnt5Ykxiu36wo5p1Tt12wC updated.
[2026-09-25--06-23-16 INFO surfpool::cli::simnet] Account 5cC3foj77CWun58pC51ebHFUWavHWKarWyR5UUik7dnC updated.
[2026-09-25--06-23-16 INFO surfpool::cli::simnet] Account bn1hKNURMGQaQoEVxahcEAcqiX3NwRs6hgKKNSLeKxH updated.
[2026-09-25--06-23-16 INFO surfpool::cli::simnet] Account vcmrbYbiMVKaq1snKP6eCacNDcr6qZvpCNUjmk6gxvZ updated.
[2026-09-25--06-23-18 INFO surfpool::cli::simnet] Account 6aHuNsUmwSzCEMjrBzBCYaxHAyAcQBjVES92JigHBDuC updated.
[2026-09-25--06-23-18 INFO surfpool::cli::simnet] Account LTDSzjZKFJMKHYpNycG1FrWwGGTaFFwqEFjB5GGLNVD updated.
[2026-09-25--06-23-18 INFO surfpool::cli::simnet] Account 9ypxGLzkMxi89eDerRKXWDXe44UY2z4hBig4mDhNq5Dp updated.
[2026-09-25--06-23-18 INFO surfpool::cli::simnet] Account disCA4efguFL6Wqa4pGdG7jpjC7C5uiKzKnhEBqchBe updated.
[2026-09-25--06-23-18 INFO surfpool::cli::simnet] Account 7VgiehxNxu53KdxgLspGQY8myE6f7UokaWa4jsGcaSz updated.
[2026-09-25--06-23-18 INFO surfpool::cli::simnet] Account 61BtM7BkDEE8Yq5fskEVAQT9mYA8qCejJWoLe5apqg81 updated.
[2026-09-25--06-23-18 INFO surfpool::cli::simnet] Account 7bTK6Jis8Xpfrs8ZoUfiMDPazTcdPcTWheZFJTA5Z6X4 updated.
[2026-09-25--06-23-18 INFO surfpool::cli::simnet] Account JE86WkYvTrzW8HgNmrHY7dFYpCmSptUpKupbo2AdQ9cG updated.
[2026-09-25--06-24-42 INFO surfpool::cli::simnet] Account CRDaGwcVnKdRNRtx6fjHtvrBgKM5U55AhbqBWhtPMDA updated.
[2026-09-25--06-24-43 INFO surfpool::cli::simnet] Account 5VETJ8h3p4JrESYrzhjTDAWPEjDjfcnduqe9CjxgqBNd updated.
[2026-09-25--06-24-45 INFO surfpool::cli::simnet] Account TWtoAxPvaXy46uy3Vr4UwFxmWdgyMjpZAJSFxV4RGbF updated.
[2026-09-25--06-24-45 INFO surfpool::cli::simnet] Account FQB8c4zB8Emrp9W8bmyk6GanCLq4aRytHYPDAnaEpq9z updated.
[2026-09-25--06-24-47 INFO surfpool::cli::simnet] Account 6NJCSCAWy1yB1jEGhPbsMTrT4WH13o8BGD5wgPbBtdY9 updated.
[2026-09-25--06-24-48 INFO surfpool::cli::simnet] Account EKhrgXYwqsjgxF71Gxznui1zdoeqgxJzzPzfefEmm5un updated.
[2026-09-25--06-24-49 INFO surfpool::cli::simnet] Account KDQSrjsiur6YxyuY4veB7Gd13MKhwNoMZTQWvx1c93S updated.
[2026-09-25--06-24-51 INFO surfpool::cli::simnet] Account 7aUtbtC3o3GVwRWvaDp5fxKjBq53QL3UrVmDzDgeNo8M updated.
[2026-09-25--06-24-52 INFO surfpool::cli::simnet] Account D9uk39pqZMcnmtPP9WeC8cREUpKZmyXLga9mSQ79SphW updated.
[2026-09-25--06-24-54 INFO surfpool::cli::simnet] Account 4eT5d4SJ7GjD8HMpMysSNoPV7RBVTBGzoSEkynmPLMPS updated.
[2026-09-25--06-24-55 INFO surfpool::cli::simnet] Account FK3GQy2PjQ18G2yPEV8eTpK8GFPoTFkVYhFcWmDc3rRG updated.
[2026-09-25--06-25-08 INFO surfpool::cli::simnet] Account 6yZ1CxZrYp5mgNeTk5bsHrre43bPExKxziz4YPmA7gB1 updated.
[2026-09-25--06-25-10 INFO surfpool::cli::simnet] Account EPjFWdd5AufqSSqeM2qN1xzybapC8G4wEGGkZwyTDt1v updated.
[2026-09-25--06-25-11 INFO surfpool::cli::simnet] Account CYzx9RZJbzoW4bBfcCQit1GtspFCUtEYkVqag425rQDW updated.
[2026-09-25--06-25-15 INFO surfpool::cli::simnet] Account D9uk39pqZMcnmtPP9WeC8cREUpKZmyXLga9mSQ79SphW updated.
[2026-09-25--06-25-15 INFO surfpool::cli::simnet] Account CGpU7yBFzm5RHjdf5VELCvRKzYiWdp2cz4URxAdMXSmz updated.
[2026-09-25--06-25-17 INFO surfpool::cli::simnet] Account GMgMeK3eMWEPkxc4mUNVQZfK5667iDtACxb5RCsLDG9k updated.
[2026-09-25--06-25-17 INFO surfpool::cli::simnet] Account 48NjsnwkSDe9KCMbdG5CkSGD71LSQt81mxr3AnPJYTrc updated.
[2026-09-25--06-25-17 INFO surfpool::cli::simnet] Account 4Ec7ZxZS6Sbdg5UGSLHbAnM7GQHp2eFd4KYWRexAipQT updated.
[2026-09-25--06-25-17 INFO surfpool::cli::simnet] Account JUP6LkbZbjS1jKKwapdHNy74zcZ3tLUZoi5QNyVTaV4 updated.
[2026-09-25--06-25-17 INFO surfpool::cli::simnet] Account D8cy77BBepLMngZx6ZukaTff5hCt1HrWyKk3Hnd9oitf updated.
[2026-09-25--06-25-17 INFO surfpool::cli::simnet] Account ApniVWuZbZoruTAJdyJcLBA4AVw4DKGdV5fHxo6qrAZT updated.
[2026-09-25--06-25-17 INFO surfpool::cli::simnet] Account EPjFWdd5AufqSSqeM2qN1xzybapC8G4wEGGkZwyTDt1v updated.
[2026-09-25--06-25-17 INFO surfpool::cli::simnet] Account 3zBLzabogNNQ4s2zcuioXncdbTPED4jPx1x2J3Jn8Ezt updated.
[2026-09-25--06-25-17 INFO surfpool::cli::simnet] Account XsbEhLAtcf6HdfpFZ5xEMdqW8nfAvcsP5bdudRLJzJp updated.
[2026-09-25--06-25-17 INFO surfpool::cli::simnet] Account 69u6oEwRayMozqCWF9Vny6qiYN5f18pZVUtboaDJkXuj updated.
[2026-09-25--06-25-17 INFO surfpool::cli::simnet] Account 2awJDHp8rrwx335V34xQswF1sqZuGbASu1CPt7by66fs updated.
[2026-09-25--06-25-17 INFO surfpool::cli::simnet] Account 8ubgr7huZE1Z7ji2U7JZBrfZuq4wKiM4TRCeXVcWcPFC updated.
[2026-09-25--06-25-17 INFO surfpool::cli::simnet] Account EsY5gY7EqTqsmCdCvRNjSDSdJDopBNzCH1qd84YRuUQ2 updated.
[2026-09-25--06-25-17 INFO surfpool::cli::simnet] Account XsbEhLAtcf6HdfpFZ5xEMdqW8nfAvcsP5bdudRLJzJp updated.
[2026-09-25--06-25-17 INFO surfpool::cli::simnet] Account HzD2cCXXT3UQNjMMY6kDv9w6gZ9qquSdfoGXrLL3LXx updated.
[2026-09-25--06-25-17 INFO surfpool::cli::simnet] Account CAMMCzo5YL8w4VFF8KVHrK22GGUsp5VTaW7grrKgrWqK updated.
[2026-09-25--06-25-17 INFO surfpool::cli::simnet] Account DrdecJVzkaRsf1TQu1g7iFncaokikVTHqpzPjenjRySY updated.
[2026-09-25--06-25-20 INFO surfpool::cli::simnet] Account zB2vDMHatDhYdTPGG5a4h6CZrDR5ravWa1TwqE5eFdJ updated.
[2026-09-25--06-25-21 INFO surfpool::cli::simnet] Account 6Gi6cz3fsvtD4n7v2xNx3dY7JEQhRpjPQJjmQruEc3bP updated.
[2026-09-25--06-25-21 INFO surfpool::cli::simnet] Account PreweJYECqtQwBtpxHL171nL2K6umo692gTm7Q3rpgF updated.
[2026-09-25--06-25-21 INFO surfpool::cli::simnet] Account FuwH9eyEi9RApviaNqUhxZhEY6i455Ca2xQmNkjrfTU updated.
[2026-09-25--06-25-21 INFO surfpool::cli::simnet] Account EPjFWdd5AufqSSqeM2qN1xzybapC8G4wEGGkZwyTDt1v updated.
[2026-09-25--06-25-21 INFO surfpool::cli::simnet] Account 9v1o9K285AD3dctfzFNoa2MAyRj9Q2fcpdSrqCWQjKZb updated.
[2026-09-25--06-25-21 INFO surfpool::cli::simnet] Account 3J6kEW1H2cHRtLR7W6azgkoFCxbS8bkRVSth6Rmy2Cdv updated.
[2026-09-25--06-25-21 INFO surfpool::cli::simnet] Account PreweJYECqtQwBtpxHL171nL2K6umo692gTm7Q3rpgF updated.
[2026-09-25--06-25-21 INFO surfpool::cli::simnet] Account AntpWAd9rqm9MJ974fGDmrfHMywtJ7ajvjjUxi2w9pgy updated.
[2026-09-25--06-25-21 INFO surfpool::cli::simnet] Account PreweJYECqtQwBtpxHL171nL2K6umo692gTm7Q3rpgF updated.
[2026-09-25--06-25-21 INFO surfpool::cli::simnet] Account G92J4ZFggKZ9LbsQ2zBpajRvRto7ed7uRuJJqWsX4BhJ updated.
[2026-09-25--06-25-21 INFO surfpool::cli::simnet] Account MNFSTqtC93rEfYHB6hF82sKdZpUDFWkViLByLd1k1Ms updated.
